Component: ARM Compiler 5.06 update 6 (build 750) Tool: armlink [4d35ed]

==============================================================================

Section Cross References

    main.o(i.TIM3_IRQHandler) refers to stm32f10x_tim.o(i.TIM_GetITStatus) for TIM_GetITStatus
    main.o(i.TIM3_IRQHandler) refers to stm32f10x_tim.o(i.TIM_ClearITPendingBit) for TIM_ClearITPendingBit
    main.o(i.TIM3_IRQHandler) refers to stm32f10x_gpio.o(i.GPIO_SetBits) for GPIO_SetBits
    main.o(i.init_sd) refers to fatfs.o(i.FATFS_Init) for FATFS_Init
    main.o(i.init_sd) refers to ff.o(i.f_mount) for f_mount
    main.o(i.init_sd) refers to tasks.o(i.vTaskDelay) for vTaskDelay
    main.o(i.init_sd) refers to ff.o(i.f_open) for f_open
    main.o(i.init_sd) refers to ff.o(i.f_lseek) for f_lseek
    main.o(i.init_sd) refers to ff.o(i.f_write) for f_write
    main.o(i.init_sd) refers to ff.o(i.f_read) for f_read
    main.o(i.init_sd) refers to ff.o(i.f_close) for f_close
    main.o(i.init_sd) refers to main.o(.bss) for fs
    main.o(i.init_sd) refers to main.o(.data) for fresult
    main.o(i.main) refers to system_stm32f10x.o(i.SystemInit) for SystemInit
    main.o(i.main) refers to system_stm32f10x.o(i.SystemCoreClockUpdate) for SystemCoreClockUpdate
    main.o(i.main) refers to queue.o(i.xQueueGenericCreate) for xQueueGenericCreate
    main.o(i.main) refers to initializes.o(i.C13_init) for C13_init
    main.o(i.main) refers to initializes.o(i.usart1_init) for usart1_init
    main.o(i.main) refers to initializes.o(i.usart2_init) for usart2_init
    main.o(i.main) refers to initializes.o(i.init_spi1_for_sd) for init_spi1_for_sd
    main.o(i.main) refers to initializes.o(i.init_tim6) for init_tim6
    main.o(i.main) refers to stm32f10x_gpio.o(i.GPIO_ResetBits) for GPIO_ResetBits
    main.o(i.main) refers to timers.o(i.xTimerCreate) for xTimerCreate
    main.o(i.main) refers to tasks.o(i.xTaskCreate) for xTaskCreate
    main.o(i.main) refers to tasks.o(i.xTaskGetTickCount) for xTaskGetTickCount
    main.o(i.main) refers to timers.o(i.xTimerGenericCommand) for xTimerGenericCommand
    main.o(i.main) refers to tasks.o(i.vTaskStartScheduler) for vTaskStartScheduler
    main.o(i.main) refers to system_stm32f10x.o(.data) for SystemCoreClock
    main.o(i.main) refers to main.o(.data) for parseSem
    main.o(i.main) refers to periodic_tasks.o(i.toggle_13) for toggle_13
    main.o(i.main) refers to periodic_tasks.o(i.send1_perio) for send1_perio
    main.o(i.main) refers to main.o(i.init_sd) for init_sd
    main.o(i.main) refers to main.o(i.write_sd) for write_sd
    main.o(i.main) refers to main.o(i.read_sd) for read_sd
    main.o(i.main) refers to prio_tasks.o(i.ParseIncomingData) for ParseIncomingData
    main.o(i.read_sd) refers to ff.o(i.f_open) for f_open
    main.o(i.read_sd) refers to ff.o(i.f_lseek) for f_lseek
    main.o(i.read_sd) refers to ff.o(i.f_read) for f_read
    main.o(i.read_sd) refers to ff.o(i.f_close) for f_close
    main.o(i.read_sd) refers to main.o(.bss) for fil
    main.o(i.read_sd) refers to main.o(.data) for fresult
    main.o(i.write_sd) refers to ff.o(i.f_open) for f_open
    main.o(i.write_sd) refers to ff.o(i.f_lseek) for f_lseek
    main.o(i.write_sd) refers to ff.o(i.f_write) for f_write
    main.o(i.write_sd) refers to ff.o(i.f_close) for f_close
    main.o(i.write_sd) refers to main.o(.bss) for fil
    main.o(i.write_sd) refers to main.o(.data) for fresult
    main.o(.data) refers to main.o(.conststring) for .conststring
    periodic_tasks.o(i.send1_perio) refers to usart_funcs.o(i.usart1_puts) for usart1_puts
    periodic_tasks.o(i.send1_perio) refers to tasks.o(i.vTaskDelay) for vTaskDelay
    initializes.o(i.C13_init) refers to stm32f10x_rcc.o(i.RCC_APB2PeriphClockCmd) for RCC_APB2PeriphClockCmd
    initializes.o(i.C13_init) refers to stm32f10x_gpio.o(i.GPIO_Init) for GPIO_Init
    initializes.o(i.init_spi1_for_sd) refers to stm32f10x_rcc.o(i.RCC_APB2PeriphClockCmd) for RCC_APB2PeriphClockCmd
    initializes.o(i.init_spi1_for_sd) refers to stm32f10x_gpio.o(i.GPIO_Init) for GPIO_Init
    initializes.o(i.init_spi1_for_sd) refers to stm32f10x_spi.o(i.SPI_Init) for SPI_Init
    initializes.o(i.init_spi1_for_sd) refers to stm32f10x_spi.o(i.SPI_Cmd) for SPI_Cmd
    initializes.o(i.init_spi1_for_sd) refers to stm32f10x_gpio.o(i.GPIO_SetBits) for GPIO_SetBits
    initializes.o(i.init_tim6) refers to stm32f10x_tim.o(i.TIM_TimeBaseInit) for TIM_TimeBaseInit
    initializes.o(i.init_tim6) refers to stm32f10x_tim.o(i.TIM_Cmd) for TIM_Cmd
    initializes.o(i.init_tim6) refers to stm32f10x_tim.o(i.TIM_ITConfig) for TIM_ITConfig
    initializes.o(i.init_tim6) refers to misc.o(i.NVIC_Init) for NVIC_Init
    initializes.o(i.usart1_init) refers to stm32f10x_rcc.o(i.RCC_APB2PeriphClockCmd) for RCC_APB2PeriphClockCmd
    initializes.o(i.usart1_init) refers to stm32f10x_gpio.o(i.GPIO_Init) for GPIO_Init
[...]
    fit_lfn                                  0x08003745   Thumb Code   122  ff.o(i.fit_lfn)
    i.follow_path                            0x080037c4   Section        0  ff.o(i.follow_path)
    follow_path                              0x080037c5   Thumb Code   166  ff.o(i.follow_path)
    i.gen_numname                            0x0800386c   Section        0  ff.o(i.gen_numname)
    gen_numname                              0x0800386d   Thumb Code   176  ff.o(i.gen_numname)
    i.get_fat                                0x08003920   Section        0  ff.o(i.get_fat)
    i.get_fattime                            0x08003a84   Section        0  fatfs.o(i.get_fattime)
    i.get_ldnumber                           0x08003a88   Section        0  ff.o(i.get_ldnumber)
    get_ldnumber                             0x08003a89   Thumb Code    72  ff.o(i.get_ldnumber)
    i.inc_lock                               0x08003ad0   Section        0  ff.o(i.inc_lock)
    inc_lock                                 0x08003ad1   Thumb Code   238  ff.o(i.inc_lock)
    i.init_sd                                0x08003bc4   Section        0  main.o(i.init_sd)
    i.init_spi1_for_sd                       0x08003c98   Section        0  initializes.o(i.init_spi1_for_sd)
    i.init_tim6                              0x08003d38   Section        0  initializes.o(i.init_tim6)
    i.ld_clust                               0x08003d98   Section        0  ff.o(i.ld_clust)
    ld_clust                                 0x08003d99   Thumb Code    36  ff.o(i.ld_clust)
    i.main                                   0x08003dbc   Section        0  main.o(i.main)
    i.mem_cmp                                0x08003f98   Section        0  ff.o(i.mem_cmp)
    mem_cmp                                  0x08003f99   Thumb Code    38  ff.o(i.mem_cmp)
    i.mem_cpy                                0x08003fbe   Section        0  ff.o(i.mem_cpy)
    mem_cpy                                  0x08003fbf   Thumb Code    26  ff.o(i.mem_cpy)
    i.mem_set                                0x08003fd8   Section        0  ff.o(i.mem_set)
    mem_set                                  0x08003fd9   Thumb Code    20  ff.o(i.mem_set)
    i.move_window                            0x08003fec   Section        0  ff.o(i.move_window)
    move_window                              0x08003fed   Thumb Code    62  ff.o(i.move_window)
    i.prvAddCurrentTaskToDelayedList         0x0800402c   Section        0  tasks.o(i.prvAddCurrentTaskToDelayedList)
    prvAddCurrentTaskToDelayedList           0x0800402d   Thumb Code   124  tasks.o(i.prvAddCurrentTaskToDelayedList)
    i.prvAddNewTaskToReadyList               0x080040c4   Section        0  tasks.o(i.prvAddNewTaskToReadyList)
    prvAddNewTaskToReadyList                 0x080040c5   Thumb Code   150  tasks.o(i.prvAddNewTaskToReadyList)
    i.prvCheckForValidListAndQueue           0x08004178   Section        0  timers.o(i.prvCheckForValidListAndQueue)
    prvCheckForValidListAndQueue             0x08004179   Thumb Code    56  timers.o(i.prvCheckForValidListAndQueue)
    i.prvCheckTasksWaitingTermination        0x080041c4   Section        0  tasks.o(i.prvCheckTasksWaitingTermination)
    prvCheckTasksWaitingTermination          0x080041c5   Thumb Code    60  tasks.o(i.prvCheckTasksWaitingTermination)
    i.prvCopyDataFromQueue                   0x0800420c   Section        0  queue.o(i.prvCopyDataFromQueue)
    prvCopyDataFromQueue                     0x0800420d   Thumb Code    42  queue.o(i.prvCopyDataFromQueue)
    i.prvCopyDataToQueue                     0x08004236   Section        0  queue.o(i.prvCopyDataToQueue)
    prvCopyDataToQueue                       0x08004237   Thumb Code   126  queue.o(i.prvCopyDataToQueue)
    i.prvDeleteTCB                           0x080042b4   Section        0  tasks.o(i.prvDeleteTCB)
    prvDeleteTCB                             0x080042b5   Thumb Code    18  tasks.o(i.prvDeleteTCB)
    i.prvGetNextExpireTime                   0x080042c8   Section        0  timers.o(i.prvGetNextExpireTime)
    prvGetNextExpireTime                     0x080042c9   Thumb Code    36  timers.o(i.prvGetNextExpireTime)
    i.prvHeapInit                            0x080042f0   Section        0  heap_4.o(i.prvHeapInit)
    prvHeapInit                              0x080042f1   Thumb Code    98  heap_4.o(i.prvHeapInit)
    i.prvIdleTask                            0x0800436c   Section        0  tasks.o(i.prvIdleTask)
    prvIdleTask                              0x0800436d   Thumb Code    32  tasks.o(i.prvIdleTask)
    i.prvInitialiseNewQueue                  0x08004394   Section        0  queue.o(i.prvInitialiseNewQueue)
    prvInitialiseNewQueue                    0x08004395   Thumb Code    42  queue.o(i.prvInitialiseNewQueue)
    i.prvInitialiseNewTask                   0x080043be   Section        0  tasks.o(i.prvInitialiseNewTask)
    prvInitialiseNewTask                     0x080043bf   Thumb Code   180  tasks.o(i.prvInitialiseNewTask)
    i.prvInitialiseNewTimer                  0x08004472   Section        0  timers.o(i.prvInitialiseNewTimer)
    prvInitialiseNewTimer                    0x08004473   Thumb Code    90  timers.o(i.prvInitialiseNewTimer)
    i.prvInitialiseTaskLists                 0x080044cc   Section        0  tasks.o(i.prvInitialiseTaskLists)
    prvInitialiseTaskLists                   0x080044cd   Thumb Code    70  tasks.o(i.prvInitialiseTaskLists)
    i.prvInsertBlockIntoFreeList             0x08004534   Section        0  heap_4.o(i.prvInsertBlockIntoFreeList)
    prvInsertBlockIntoFreeList               0x08004535   Thumb Code    96  heap_4.o(i.prvInsertBlockIntoFreeList)
    i.prvInsertTimerInActiveList             0x0800459c   Section        0  timers.o(i.prvInsertTimerInActiveList)
    prvInsertTimerInActiveList               0x0800459d   Thumb Code    80  timers.o(i.prvInsertTimerInActiveList)
    i.prvIsQueueEmpty                        0x080045f4   Section        0  queue.o(i.prvIsQueueEmpty)
    prvIsQueueEmpty                          0x080045f5   Thumb Code    26  queue.o(i.prvIsQueueEmpty)
    i.prvIsQueueFull                         0x0800460e   Section        0  queue.o(i.prvIsQueueFull)
    prvIsQueueFull                           0x0800460f   Thumb Code    30  queue.o(i.prvIsQueueFull)
    i.prvNotifyQueueSetContainer             0x0800462c   Section        0  queue.o(i.prvNotifyQueueSetContainer)
    prvNotifyQueueSetContainer               0x0800462d   Thumb Code   172  queue.o(i.prvNotifyQueueSetContainer)
    i.prvProcessExpiredTimer                 0x080046d8   Section        0  timers.o(i.prvProcessExpiredTimer)
    prvProcessExpiredTimer                   0x080046d9   Thumb Code   110  timers.o(i.prvProcessExpiredTimer)
    i.prvProcessReceivedCommands             0x0800474c   Section        0  timers.o(i.prvProcessReceivedCommands)
    prvProcessReceivedCommands               0x0800474d   Thumb Code   308  timers.o(i.prvProcessReceivedCommands)
    i.prvProcessTimerOrBlockTask             0x08004884   Section        0  timers.o(i.prvProcessTimerOrBlockTask)
    prvProcessTimerOrBlockTask               0x08004885   Thumb Code   102  timers.o(i.prvProcessTimerOrBlockTask)
    i.prvResetNextTaskUnblockTime            0x080048f8   Section        0  tasks.o(i.prvResetNextTaskUnblockTime)
    prvResetNextTaskUnblockTime              0x080048f9   Thumb Code    40  tasks.o(i.prvResetNextTaskUnblockTime)
    i.prvSampleTimeNow                       0x08004928   Section        0  timers.o(i.prvSampleTimeNow)
    prvSampleTimeNow                         0x08004929   Thumb Code    40  timers.o(i.prvSampleTimeNow)
    i.prvSwitchTimerLists                    0x08004954   Section        0  timers.o(i.prvSwitchTimerLists)
    prvSwitchTimerLists                      0x08004955   Thumb Code   154  timers.o(i.prvSwitchTimerLists)
    i.prvTaskExitError                       0x080049f8   Section        0  port.o(i.prvTaskExitError)
    prvTaskExitError                         0x080049f9   Thumb Code    60  port.o(i.prvTaskExitError)
    i.prvTimerTask                           0x08004a38   Section        0  timers.o(i.prvTimerTask)
    prvTimerTask                             0x08004a39   Thumb Code    26  timers.o(i.prvTimerTask)
    i.prvUnlockQueue                         0x08004a52   Section        0  queue.o(i.prvUnlockQueue)
    prvUnlockQueue                           0x08004a53   Thumb Code   144  queue.o(i.prvUnlockQueue)
    i.put_fat                                0x08004ae2   Section        0  ff.o(i.put_fat)
    i.pvPortMalloc                           0x08004ca0   Section        0  heap_4.o(i.pvPortMalloc)
    i.pxPortInitialiseStack                  0x08004e0c   Section        0  port.o(i.pxPortInitialiseStack)
    i.read_sd                                0x08004e30   Section        0  main.o(i.read_sd)
    i.remove_chain                           0x08004e94   Section        0  ff.o(i.remove_chain)
    remove_chain                             0x08004e95   Thumb Code   136  ff.o(i.remove_chain)
    i.send1_perio                            0x08004f1c   Section        0  periodic_tasks.o(i.send1_perio)
    i.st_clust                               0x08004f64   Section        0  ff.o(i.st_clust)
    st_clust                                 0x08004f65   Thumb Code    16  ff.o(i.st_clust)
    i.sum_sfn                                0x08004f74   Section        0  ff.o(i.sum_sfn)
    sum_sfn                                  0x08004f75   Thumb Code    32  ff.o(i.sum_sfn)
    i.sync_fs                                0x08004f94   Section        0  ff.o(i.sync_fs)
    sync_fs                                  0x08004f95   Thumb Code   280  ff.o(i.sync_fs)
    i.sync_window                            0x080050ac   Section        0  ff.o(i.sync_window)
    sync_window                              0x080050ad   Thumb Code   114  ff.o(i.sync_window)
    i.toggle_13                              0x08005120   Section        0  periodic_tasks.o(i.toggle_13)
    i.usart1_init                            0x08005134   Section        0  initializes.o(i.usart1_init)
    i.usart1_puts                            0x080051e0   Section        0  usart_funcs.o(i.usart1_puts)
    i.usart2_init                            0x0800520c   Section        0  initializes.o(i.usart2_init)
    i.uxListRemove                           0x080052bc   Section        0  list.o(i.uxListRemove)
    i.vListInitialise                        0x080052e4   Section        0  list.o(i.vListInitialise)
    i.vListInitialiseItem                    0x080052fe   Section        0  list.o(i.vListInitialiseItem)
    i.vListInsert                            0x08005304   Section        0  list.o(i.vListInsert)
    i.vListInsertEnd                         0x08005338   Section        0  list.o(i.vListInsertEnd)
    i.vPortEnterCritical                     0x08005350   Section        0  port.o(i.vPortEnterCritical)
    i.vPortExitCritical                      0x080053a4   Section        0  port.o(i.vPortExitCritical)
    i.vPortFree                              0x080053e0   Section        0  heap_4.o(i.vPortFree)
    i.vPortSetupTimerInterrupt               0x08005484   Section        0  port.o(i.vPortSetupTimerInterrupt)
    i.vPortValidateInterruptPriority         0x080054ac   Section        0  port.o(i.vPortValidateInterruptPriority)
    i.vQueueWaitForMessageRestricted         0x08005524   Section        0  queue.o(i.vQueueWaitForMessageRestricted)
    i.vTaskDelay                             0x08005570   Section        0  tasks.o(i.vTaskDelay)
    i.vTaskInternalSetTimeOutState           0x080055cc   Section        0  tasks.o(i.vTaskInternalSetTimeOutState)
    i.vTaskMissedYield                       0x080055e4   Section        0  tasks.o(i.vTaskMissedYield)
    i.vTaskPlaceOnEventList                  0x080055f0   Section        0  tasks.o(i.vTaskPlaceOnEventList)
    i.vTaskPlaceOnEventListRestricted        0x08005628   Section        0  tasks.o(i.vTaskPlaceOnEventListRestricted)
    i.vTaskStartScheduler                    0x08005668   Section        0  tasks.o(i.vTaskStartScheduler)
    i.vTaskSuspendAll                        0x08005704   Section        0  tasks.o(i.vTaskSuspendAll)
    i.vTaskSwitchContext                     0x08005714   Section        0  tasks.o(i.vTaskSwitchContext)
    i.validate                               0x080057a0   Section        0  ff.o(i.validate)
    validate                                 0x080057a1   Thumb Code    82  ff.o(i.validate)
    i.write_sd                               0x080057f4   Section        0  main.o(i.write_sd)
    i.xPortStartScheduler                    0x0800586c   Section        0  port.o(i.xPortStartScheduler)
    i.xQueueGenericCreate                    0x08005964   Section        0  queue.o(i.xQueueGenericCreate)
    i.xQueueGenericReset                     0x08005a08   Section        0  queue.o(i.xQueueGenericReset)
    i.xQueueGenericSend                      0x08005aa0   Section        0  queue.o(i.xQueueGenericSend)
    i.xQueueGenericSendFromISR               0x08005c78   Section        0  queue.o(i.xQueueGenericSendFromISR)
    i.xQueueReceive                          0x08005db0   Section        0  queue.o(i.xQueueReceive)
    i.xTaskCheckForTimeOut                   0x08005f18   Section        0  tasks.o(i.xTaskCheckForTimeOut)
    i.xTaskCreate                            0x08005fa8   Section        0  tasks.o(i.xTaskCreate)
    i.xTaskGetSchedulerState                 0x08006008   Section        0  tasks.o(i.xTaskGetSchedulerState)
    i.xTaskGetTickCount                      0x08006028   Section        0  tasks.o(i.xTaskGetTickCount)
    i.xTaskIncrementTick                     0x08006034   Section        0  tasks.o(i.xTaskIncrementTick)
    i.xTaskPriorityDisinherit                0x0800617c   Section        0  tasks.o(i.xTaskPriorityDisinherit)
    i.xTaskRemoveFromEventList               0x08006238   Section        0  tasks.o(i.xTaskRemoveFromEventList)
    i.xTaskResumeAll                         0x080062d0   Section        0  tasks.o(i.xTaskResumeAll)
    i.xTimerCreate                           0x080063d4   Section        0  timers.o(i.xTimerCreate)
    i.xTimerCreateTimerTask                  0x0800640c   Section        0  timers.o(i.xTimerCreateTimerTask)
    i.xTimerGenericCommand                   0x08006464   Section        0  timers.o(i.xTimerGenericCommand)
    .constdata                               0x080064e8   Section      186  ff.o(.constdata)
    ExCvt                                    0x080064e8   Data         128  ff.o(.constdata)
    LfnOfs                                   0x08006568   Data          13  ff.o(.constdata)
    vst                                      0x08006576   Data          22  ff.o(.constdata)
    cst                                      0x0800658c   Data          22  ff.o(.constdata)
    .constdata                               0x080065a2   Section     1216  ccsbcs.o(.constdata)
    Tbl                                      0x080065a2   Data         256  ccsbcs.o(.constdata)
    tbl_lower                                0x080066a2   Data         480  ccsbcs.o(.constdata)
    tbl_upper                                0x08006882   Data         480  ccsbcs.o(.constdata)
    .conststring                             0x08006a64   Section      194  main.o(.conststring)
    .data                                    0x20000000   Section      120  main.o(.data)
    RESPONSE_CODES                           0x20000000   Data          12  main.o(.data)
    STATE_CODES                              0x2000000c   Data          44  main.o(.data)
    .data                                    0x20000078   Section       80  prio_tasks.o(.data)
    RESPONSE_CODES                           0x20000078   Data          12  prio_tasks.o(.data)
    STATE_CODES                              0x20000084   Data          44  prio_tasks.o(.data)
    .data                                    0x200000c8   Section      120  esp_funcs.o(.data)
    RESPONSE_CODES                           0x200000c8   Data          12  esp_funcs.o(.data)
    STATE_CODES                              0x200000d4   Data          44  esp_funcs.o(.data)
    .data                                    0x20000140   Section       64  tasks.o(.data)
    pxDelayedTaskList                        0x20000144   Data           4  tasks.o(.data)
    pxOverflowDelayedTaskList                0x20000148   Data           4  tasks.o(.data)
    uxDeletedTasksWaitingCleanUp             0x2000014c   Data           4  tasks.o(.data)
    uxCurrentNumberOfTasks                   0x20000150   Data           4  tasks.o(.data)
    xTickCount                               0x20000154   Data           4  tasks.o(.data)
    uxTopReadyPriority                       0x20000158   Data           4  tasks.o(.data)
    xSchedulerRunning                        0x2000015c   Data           4  tasks.o(.data)
    xPendedTicks                             0x20000160   Data           4  tasks.o(.data)
    xYieldPending                            0x20000164   Data           4  tasks.o(.data)
    xNumOfOverflows                          0x20000168   Data           4  tasks.o(.data)
    uxTaskNumber                             0x2000016c   Data           4  tasks.o(.data)
    xNextTaskUnblockTime                     0x20000170   Data           4  tasks.o(.data)
    xIdleTaskHandle                          0x20000174   Data           4  tasks.o(.data)
    uxSchedulerSuspended                     0x2000017c   Data           4  tasks.o(.data)
    .data                                    0x20000180   Section       20  timers.o(.data)
    pxCurrentTimerList                       0x20000180   Data           4  timers.o(.data)
    pxOverflowTimerList                      0x20000184   Data           4  timers.o(.data)
    xTimerQueue                              0x20000188   Data           4  timers.o(.data)
    xTimerTaskHandle                         0x2000018c   Data           4  timers.o(.data)
    xLastTime                                0x20000190   Data           4  timers.o(.data)
    .data                                    0x20000194   Section       32  heap_4.o(.data)
    xStart                                   0x20000194   Data           8  heap_4.o(.data)
    pxEnd                                    0x2000019c   Data           4  heap_4.o(.data)
    xFreeBytesRemaining                      0x200001a0   Data           4  heap_4.o(.data)
    xMinimumEverFreeBytesRemaining           0x200001a4   Data           4  heap_4.o(.data)
    xNumberOfSuccessfulAllocations           0x200001a8   Data           4  heap_4.o(.data)
    xNumberOfSuccessfulFrees                 0x200001ac   Data           4  heap_4.o(.data)
    xBlockAllocatedBit                       0x200001b0   Data           4  heap_4.o(.data)
    .data                                    0x200001b4   Section       15  port.o(.data)
    uxCriticalNesting                        0x200001b4   Data           4  port.o(.data)
    ucMaxSysCallPriority                     0x200001b8   Data           1  port.o(.data)
    ulMaxPRIGROUPValue                       0x200001bc   Data           4  port.o(.data)
    .data                                    0x200001c3   Section        3  fatfs_sd.o(.data)
    Stat                                     0x200001c3   Data           1  fatfs_sd.o(.data)
    CardType                                 0x200001c4   Data           1  fatfs_sd.o(.data)
    PowerFlag                                0x200001c5   Data           1  fatfs_sd.o(.data)
    .data                                    0x200001c8   Section       62  ff.o(.data)
    RESPONSE_CODES                           0x200001c8   Data          12  ff.o(.data)
    STATE_CODES                              0x200001d4   Data          44  ff.o(.data)
    FatFs                                    0x20000200   Data           4  ff.o(.data)
    Fsid                                     0x20000204   Data           2  ff.o(.data)
    .data                                    0x20000208   Section       80  user_diskio.o(.data)
    RESPONSE_CODES                           0x20000208   Data          12  user_diskio.o(.data)
    STATE_CODES                              0x20000214   Data          44  user_diskio.o(.data)
    Stat                                     0x20000240   Data           1  user_diskio.o(.data)
    .data                                    0x20000258   Section       61  fatfs.o(.data)
    RESPONSE_CODES                           0x20000258   Data          12  fatfs.o(.data)
    STATE_CODES                              0x20000264   Data          44  fatfs.o(.data)
    .data                                    0x20000295   Section       20  stm32f10x_rcc.o(.data)
    APBAHBPrescTable                         0x20000295   Data          16  stm32f10x_rcc.o(.data)
    ADCPrescTable                            0x200002a5   Data           4  stm32f10x_rcc.o(.data)
    .data                                    0x200002ac   Section       20  system_stm32f10x.o(.data)
    .bss                                     0x200002c0   Section     8348  main.o(.bss)
    .bss                                     0x2000235c   Section      200  tasks.o(.bss)
    pxReadyTasksLists                        0x2000235c   Data         100  tasks.o(.bss)
    xDelayedTaskList1                        0x200023c0   Data          20  tasks.o(.bss)
    xDelayedTaskList2                        0x200023d4   Data          20  tasks.o(.bss)
    xPendingReadyList                        0x200023e8   Data          20  tasks.o(.bss)
    xTasksWaitingTermination                 0x200023fc   Data          20  tasks.o(.bss)
    xSuspendedTaskList                       0x20002410   Data          20  tasks.o(.bss)
    .bss                                     0x20002424   Section       40  timers.o(.bss)
    xActiveTimerList1                        0x20002424   Data          20  timers.o(.bss)
    xActiveTimerList2                        0x20002438   Data          20  timers.o(.bss)
    .bss                                     0x2000244c   Section     4096  heap_4.o(.bss)
    ucHeap                                   0x2000244c   Data        4096  heap_4.o(.bss)
    .bss                                     0x2000344c   Section      536  ff.o(.bss)
    Files                                    0x2000344c   Data          24  ff.o(.bss)
    LfnBuf                                   0x20003464   Data         512  ff.o(.bss)
    .bss                                     0x20003664   Section       12  ff_gen_drv.o(.bss)
    .bss                                     0x20003670   Section       96  libspace.o(.bss)
    HEAP                                     0x200036d0   Section      512  startup_stm32f10x_md.o(HEAP)
    Heap_Mem                                 0x200036d0   Data         512  startup_stm32f10x_md.o(HEAP)
    STACK                                    0x200038d0   Section     1024  startup_stm32f10x_md.o(STACK)
    Stack_Mem                                0x200038d0   Data        1024  startup_stm32f10x_md.o(STACK)
    __initial_sp                             0x20003cd0   Data           0  startup_stm32f10x_md.o(STACK)

    Global Symbols

    Symbol Name                              Value     Ov Type        Size  Object(Section)

    BuildAttributes$$THM_ISAv4$P$D$K$B$S$PE$A:L22UL41UL21$X:L11$S22US41US21$IEEE1$IW$USESV6$~STKCKD$USESV7$~SHL$OSPACE$ROPI$EBA8$UX$STANDARDLIB$REQ8$PRES8$EABIv2 0x00000000   Number         0  anon$$obj.o ABSOLUTE
    __ARM_use_no_argv                        0x00000000   Number         0  main.o ABSOLUTE
    __ARM_exceptions_init                     - Undefined Weak Reference
    __alloca_initialize                       - Undefined Weak Reference
    __arm_preinit_                            - Undefined Weak Reference
    __cpp_initialize__aeabi_                  - Undefined Weak Reference
    __cxa_finalize                            - Undefined Weak Reference
    __rt_locale                               - Undefined Weak Reference
    __sigvec_lookup                           - Undefined Weak Reference
    _atexit_init                              - Undefined Weak Reference
    _call_atexit_fns                          - Undefined Weak Reference
    _clock_init                               - Undefined Weak Reference
    _fp_trap_init                             - Undefined Weak Reference
    _fp_trap_shutdown                         - Undefined Weak Reference
    _get_lc_collate                           - Undefined Weak Reference
    _get_lc_ctype                             - Undefined Weak Reference
    _get_lc_monetary                          - Undefined Weak Reference
    _get_lc_numeric                           - Undefined Weak Reference
    _get_lc_time                              - Undefined Weak Reference
    _getenv_init                              - Undefined Weak Reference
    _handle_redirection                       - Undefined Weak Reference
    _init_alloc                               - Undefined Weak Reference
    _init_user_alloc                          - Undefined Weak Reference
    _initio                                   - Undefined Weak Reference
    _printf_mbtowc                            - Undefined Weak Reference
    _printf_post_padding                      - Undefined Weak Reference
    _printf_pre_padding                       - Undefined Weak Reference
    _rand_init                                - Undefined Weak Reference
    _signal_finish                            - Undefined Weak Reference
    _signal_init                              - Undefined Weak Reference
    _terminate_alloc                          - Undefined Weak Reference
    _terminate_user_alloc                     - Undefined Weak Reference
    _terminateio                              - Undefined Weak Reference
    __Vectors_Size                           0x000000ec   Number         0  startup_stm32f10x_md.o ABSOLUTE
    __Vectors                                0x08000000   Data           4  startup_stm32f10x_md.o(RESET)
    __Vectors_End                            0x080000ec   Data           0  startup_stm32f10x_md.o(RESET)
    __main                                   0x080000ed   Thumb Code     8  __main.o(!!!main)
    __scatterload                            0x080000f5   Thumb Code     0  __scatter.o(!!!scatter)
    __scatterload_rt2                        0x080000f5   Thumb Code    44  __scatter.o(!!!scatter)
    __scatterload_rt2_thumb_only             0x080000f5   Thumb Code     0  __scatter.o(!!!scatter)
    __scatterload_null                       0x08000103   Thumb Code     0  __scatter.o(!!!scatter)
    __decompress                             0x08000129   Thumb Code    90  __dczerorl2.o(!!dczerorl2)
    __decompress1                            0x08000129   Thumb Code     0  __dczerorl2.o(!!dczerorl2)
    __scatterload_zeroinit                   0x08000185   Thumb Code    28  __scatter_zi.o(!!handler_zi)
    _printf_percent                          0x080001a1   Thumb Code     0  _printf_percent.o(.ARM.Collect$$_printf_percent$$00000000)
    _printf_s                                0x080001a1   Thumb Code     0  _printf_s.o(.ARM.Collect$$_printf_percent$$00000014)
    _printf_percent_end                      0x080001a7   Thumb Code     0  _printf_percent_end.o(.ARM.Collect$$_printf_percent$$00000017)
    __rt_lib_init                            0x080001ab   Thumb Code     0  libinit.o(.ARM.Collect$$libinit$$00000000)
    __rt_lib_init_alloca_1                   0x080001ad   Thumb Code     0  libinit2.o(.ARM.Collect$$libinit$$0000002E)
    __rt_lib_init_argv_1                     0x080001ad   Thumb Code     0  libinit2.o(.ARM.Collect$$libinit$$0000002C)
    __rt_lib_init_atexit_1                   0x080001ad   Thumb Code     0  libinit2.o(.ARM.Collect$$libinit$$0000001B)
    __rt_lib_init_clock_1                    0x080001ad   Thumb Code     0  libinit2.o(.ARM.Collect$$libinit$$00000021)
    __rt_lib_init_cpp_1                      0x080001ad   Thumb Code     0  libinit2.o(.ARM.Collect$$libinit$$00000032)
    __rt_lib_init_exceptions_1               0x080001ad   Thumb Code     0  libinit2.o(.ARM.Collect$$libinit$$00000030)
    __rt_lib_init_fp_1                       0x080001ad   Thumb Code     0  libinit2.o(.ARM.Collect$$libinit$$00000002)
    __rt_lib_init_fp_trap_1                  0x080001ad   Thumb Code     0  libinit2.o(.ARM.Collect$$libinit$$0000001F)
    __rt_lib_init_getenv_1                   0x080001ad   Thumb Code     0  libinit2.o(.ARM.Collect$$libinit$$00000023)
    __rt_lib_init_heap_1                     0x080001ad   Thumb Code     0  libinit2.o(.ARM.Collect$$libinit$$0000000A)
    __rt_lib_init_lc_collate_1               0x080001ad   Thumb Code     0  libinit2.o(.ARM.Collect$$libinit$$00000011)
    __rt_lib_init_lc_ctype_1                 0x080001ad   Thumb Code     0  libinit2.o(.ARM.Collect$$libinit$$00000013)
    __rt_lib_init_lc_monetary_1              0x080001ad   Thumb Code     0  libinit2.o(.ARM.Collect$$libinit$$00000015)
    __rt_lib_init_lc_numeric_1               0x080001ad   Thumb Code     0  libinit2.o(.ARM.Collect$$libinit$$00000017)
    __rt_lib_init_lc_time_1                  0x080001ad   Thumb Code     0  libinit2.o(.ARM.Collect$$libinit$$00000019)
    __rt_lib_init_preinit_1                  0x080001ad   Thumb Code     0  libinit2.o(.ARM.Collect$$libinit$$00000004)
    __rt_lib_init_rand_1                     0x080001ad   Thumb Code     0  libinit2.o(.ARM.Collect$$libinit$$0000000E)
    __rt_lib_init_return                     0x080001ad   Thumb Code     0  libinit2.o(.ARM.Collect$$libinit$$00000033)
    __rt_lib_init_signal_1                   0x080001ad   Thumb Code     0  libinit2.o(.ARM.Collect$$libinit$$0000001D)
    __rt_lib_init_stdio_1                    0x080001ad   Thumb Code     0  libinit2.o(.ARM.Collect$$libinit$$00000025)
    __rt_lib_init_user_alloc_1               0x080001ad   Thumb Code     0  libinit2.o(.ARM.Collect$$libinit$$0000000C)
    __rt_lib_shutdown                        0x080001af   Thumb Code     0  libshutdown.o(.ARM.Collect$$libshutdown$$00000000)
    __rt_lib_shutdown_cpp_1                  0x080001b1   Thumb Code     0  libshutdown2.o(.ARM.Collect$$libshutdown$$00000002)
    __rt_lib_shutdown_fp_trap_1              0x080001b1   Thumb Code     0  libshutdown2.o(.ARM.Collect$$libshutdown$$00000007)
    __rt_lib_shutdown_heap_1                 0x080001b1   Thumb Code     0  libshutdown2.o(.ARM.Collect$$libshutdown$$0000000F)
    __rt_lib_shutdown_return                 0x080001b1   Thumb Code     0  libshutdown2.o(.ARM.Collect$$libshutdown$$00000010)
    __rt_lib_shutdown_signal_1               0x080001b1   Thumb Code     0  libshutdown2.o(.ARM.Collect$$libshutdown$$0000000A)
    __rt_lib_shutdown_stdio_1                0x080001b1   Thumb Code     0  libshutdown2.o(.ARM.Collect$$libshutdown$$00000004)
    __rt_lib_shutdown_user_alloc_1           0x080001b1   Thumb Code     0  libshutdown2.o(.ARM.Collect$$libshutdown$$0000000C)
    __rt_entry                               0x080001b3   Thumb Code     0  __rtentry.o(.ARM.Collect$$rtentry$$00000000)
    __rt_entry_presh_1                       0x080001b3   Thumb Code     0  __rtentry2.o(.ARM.Collect$$rtentry$$00000002)
    __rt_entry_sh                            0x080001b3   Thumb Code     0  __rtentry4.o(.ARM.Collect$$rtentry$$00000004)
    __rt_entry_li                            0x080001b9   Thumb Code     0  __rtentry2.o(.ARM.Collect$$rtentry$$0000000A)
    __rt_entry_postsh_1                      0x080001b9   Thumb Code     0  __rtentry2.o(.ARM.Collect$$rtentry$$00000009)
    __rt_entry_main                          0x080001bd   Thumb Code     0  __rtentry2.o(.ARM.Collect$$rtentry$$0000000D)
    __rt_entry_postli_1                      0x080001bd   Thumb Code     0  __rtentry2.o(.ARM.Collect$$rtentry$$0000000C)
    __rt_exit                                0x080001c5   Thumb Code     0  rtexit.o(.ARM.Collect$$rtexit$$00000000)
    __rt_exit_ls                             0x080001c7   Thumb Code     0  rtexit2.o(.ARM.Collect$$rtexit$$00000003)
    __rt_exit_prels_1                        0x080001c7   Thumb Code     0  rtexit2.o(.ARM.Collect$$rtexit$$00000002)
    __rt_exit_exit                           0x080001cb   Thumb Code     0  rtexit2.o(.ARM.Collect$$rtexit$$00000004)
    SVC_Handler                              0x080001d1   Thumb Code    32  port.o(.emb_text)
    __asm___6_port_c_39a90d8d__prvStartFirstTask 0x080001f5   Thumb Code    28  port.o(.emb_text)
    PendSV_Handler                           0x08000215   Thumb Code    72  port.o(.emb_text)
    vPortGetIPSR                             0x08000261   Thumb Code     6  port.o(.emb_text)
    Reset_Handler                            0x08000269   Thumb Code     8  startup_stm32f10x_md.o(.text)
    NMI_Handler                              0x08000271   Thumb Code     2  startup_stm32f10x_md.o(.text)
    MemManage_Handler                        0x08000275   Thumb Code     2  startup_stm32f10x_md.o(.text)
    BusFault_Handler                         0x08000277   Thumb Code     2  startup_stm32f10x_md.o(.text)
    UsageFault_Handler                       0x08000279   Thumb Code     2  startup_stm32f10x_md.o(.text)
    DebugMon_Handler                         0x0800027d   Thumb Code     2  startup_stm32f10x_md.o(.text)
    ADC1_2_IRQHandler                        0x08000283   Thumb Code     0  startup_stm32f10x_md.o(.text)
    CAN1_RX1_IRQHandler                      0x08000283   Thumb Code     0  startup_stm32f10x_md.o(.text)
    CAN1_SCE_IRQHandler                      0x08000283   Thumb Code     0  startup_stm32f10x_md.o(.text)
    DMA1_Channel1_IRQHandler                 0x08000283   Thumb Code     0  startup_stm32f10x_md.o(.text)
    DMA1_Channel2_IRQHandler                 0x08000283   Thumb Code     0  startup_stm32f10x_md.o(.text)
    DMA1_Channel3_IRQHandler                 0x08000283   Thumb Code     0  startup_stm32f10x_md.o(.text)
    DMA1_Channel4_IRQHandler                 0x08000283   Thumb Code     0  startup_stm32f10x_md.o(.text)
    DMA1_Channel5_IRQHandler                 0x08000283   Thumb Code     0  startup_stm32f10x_md.o(.text)
    DMA1_Channel6_IRQHandler                 0x08000283   Thumb Code     0  startup_stm32f10x_md.o(.text)
    DMA1_Channel7_IRQHandler                 0x08000283   Thumb Code     0  startup_stm32f10x_md.o(.text)
    EXTI0_IRQHandler                         0x08000283   Thumb Code     0  startup_stm32f10x_md.o(.text)
    EXTI15_10_IRQHandler                     0x08000283   Thumb Code     0  startup_stm32f10x_md.o(.text)
    EXTI1_IRQHandler                         0x08000283   Thumb Code     0  startup_stm32f10x_md.o(.text)
    EXTI2_IRQHandler                         0x08000283   Thumb Code     0  startup_stm32f10x_md.o(.text)
    EXTI3_IRQHandler                         0x08000283   Thumb Code     0  startup_stm32f10x_md.o(.text)
    EXTI4_IRQHandler                         0x08000283   Thumb Code     0  startup_stm32f10x_md.o(.text)
    EXTI9_5_IRQHandler                       0x08000283   Thumb Code     0  startup_stm32f10x_md.o(.text)
    FLASH_IRQHandler                         0x08000283   Thumb Code     0  startup_stm32f10x_md.o(.text)
    I2C1_ER_IRQHandler                       0x08000283   Thumb Code     0  startup_stm32f10x_md.o(.text)
    I2C1_EV_IRQHandler                       0x08000283   Thumb Code     0  startup_stm32f10x_md.o(.text)
    I2C2_ER_IRQHandler                       0x08000283   Thumb Code     0  startup_stm32f10x_md.o(.text)
    I2C2_EV_IRQHandler                       0x08000283   Thumb Code     0  startup_stm32f10x_md.o(.text)
    PVD_IRQHandler                           0x08000283   Thumb Code     0  startup_stm32f10x_md.o(.text)
    RCC_IRQHandler                           0x08000283   Thumb Code     0  startup_stm32f10x_md.o(.text)
    RTCAlarm_IRQHandler                      0x08000283   Thumb Code     0  startup_stm32f10x_md.o(.text)
    RTC_IRQHandler                           0x08000283   Thumb Code     0  startup_stm32f10x_md.o(.text)
    SPI1_IRQHandler                          0x08000283   Thumb Code     0  startup_stm32f10x_md.o(.text)
    SPI2_IRQHandler                          0x08000283   Thumb Code     0  startup_stm32f10x_md.o(.text)
    TAMPER_IRQHandler                        0x08000283   Thumb Code     0  startup_stm32f10x_md.o(.text)
    TIM1_BRK_IRQHandler                      0x08000283   Thumb Code     0  startup_stm32f10x_md.o(.text)
    TIM1_CC_IRQHandler                       0x08000283   Thumb Code     0  startup_stm32f10x_md.o(.text)
    TIM1_TRG_COM_IRQHandler                  0x08000283   Thumb Code     0  startup_stm32f10x_md.o(.text)
    TIM1_UP_IRQHandler                       0x08000283   Thumb Code     0  startup_stm32f10x_md.o(.text)
    TIM2_IRQHandler                          0x08000283   Thumb Code     0  startup_stm32f10x_md.o(.text)
    TIM4_IRQHandler                          0x08000283   Thumb Code     0  startup_stm32f10x_md.o(.text)
    USART1_IRQHandler                        0x08000283   Thumb Code     0  startup_stm32f10x_md.o(.text)
    USART2_IRQHandler                        0x08000283   Thumb Code     0  startup_stm32f10x_md.o(.text)
    USART3_IRQHandler                        0x08000283   Thumb Code     0  startup_stm32f10x_md.o(.text)
    USBWakeUp_IRQHandler                     0x08000283   Thumb Code     0  startup_stm32f10x_md.o(.text)
    USB_HP_CAN1_TX_IRQHandler                0x08000283   Thumb Code     0  startup_stm32f10x_md.o(.text)
    USB_LP_CAN1_RX0_IRQHandler               0x08000283   Thumb Code     0  startup_stm32f10x_md.o(.text)
    WWDG_IRQHandler                          0x08000283   Thumb Code     0  startup_stm32f10x_md.o(.text)
    __user_initial_stackheap                 0x08000285   Thumb Code     0  startup_stm32f10x_md.o(.text)
    __2sprintf                               0x080002a9   Thumb Code    34  noretval__2sprintf.o(.text)
    __printf                                 0x080002d1   Thumb Code   104  __printf.o(.text)
    _printf_str                              0x08000339   Thumb Code    82  _printf_str.o(.text)
    __aeabi_memcpy                           0x0800038b   Thumb Code     0  rt_memcpy_v6.o(.text)
    __rt_memcpy                              0x0800038b   Thumb Code   138  rt_memcpy_v6.o(.text)
    _memcpy_lastbytes                        0x080003f1   Thumb Code     0  rt_memcpy_v6.o(.text)
    __use_two_region_memory                  0x08000415   Thumb Code     2  heapauxi.o(.text)
    __rt_heap_escrow$2region                 0x08000417   Thumb Code     2  heapauxi.o(.text)
    __rt_heap_expand$2region                 0x08000419   Thumb Code     2  heapauxi.o(.text)
    _printf_char_common                      0x08000427   Thumb Code    32  _printf_char_common.o(.text)
    _sputc                                   0x0800044d   Thumb Code    10  _sputc.o(.text)
    _printf_cs_common                        0x08000457   Thumb Code    20  _printf_char.o(.text)
    _printf_char                             0x0800046b   Thumb Code    16  _printf_char.o(.text)
    _printf_string                           0x0800047b   Thumb Code     8  _printf_char.o(.text)
    __aeabi_memcpy4                          0x08000483   Thumb Code     0  rt_memcpy_w.o(.text)
    __aeabi_memcpy8                          0x08000483   Thumb Code     0  rt_memcpy_w.o(.text)
    __rt_memcpy_w                            0x08000483   Thumb Code   100  rt_memcpy_w.o(.text)
    _memcpy_lastbytes_aligned                0x080004cb   Thumb Code     0  rt_memcpy_w.o(.text)
    __user_setup_stackheap                   0x080004e7   Thumb Code    74  sys_stackheap_outer.o(.text)
    exit                                     0x08000531   Thumb Code    18  exit.o(.text)
    __user_libspace                          0x08000545   Thumb Code     8  libspace.o(.text)
    __user_perproc_libspace                  0x08000545   Thumb Code     0  libspace.o(.text)
    __user_perthread_libspace                0x08000545   Thumb Code     0  libspace.o(.text)
    _sys_exit                                0x0800054d   Thumb Code     8  sys_exit.o(.text)
    __I$use$semihosting                      0x08000559   Thumb Code     0  use_no_semi.o(.text)
    __use_no_semihosting_swi                 0x08000559   Thumb Code     2  use_no_semi.o(.text)
    __semihosting_library_function           0x0800055b   Thumb Code     0  indicate_semi.o(.text)
    C13_init                                 0x0800055d   Thumb Code    38  initializes.o(i.C13_init)
    FATFS_Init                               0x08000599   Thumb Code    16  fatfs.o(i.FATFS_Init)
    FATFS_LinkDriver                         0x080005b5   Thumb Code    18  ff_gen_drv.o(i.FATFS_LinkDriver)
    FATFS_LinkDriverEx                       0x080005c9   Thumb Code    78  ff_gen_drv.o(i.FATFS_LinkDriverEx)
    GPIO_Init                                0x0800061d   Thumb Code   278  stm32f10x_gpio.o(i.GPIO_Init)
    GPIO_ResetBits                           0x08000733   Thumb Code     4  stm32f10x_gpio.o(i.GPIO_ResetBits)
    GPIO_SetBits                             0x08000737   Thumb Code     4  stm32f10x_gpio.o(i.GPIO_SetBits)
    HardFault_Handler                        0x0800073b   Thumb Code     4  main.o(i.HardFault_Handler)
    NVIC_Init                                0x08000741   Thumb Code   100  misc.o(i.NVIC_Init)
    ParseIncomingData                        0x080007b1   Thumb Code   308  prio_tasks.o(i.ParseIncomingData)
    RCC_APB1PeriphClockCmd                   0x08000901   Thumb Code    26  stm32f10x_rcc.o(i.RCC_APB1PeriphClockCmd)
    RCC_APB2PeriphClockCmd                   0x08000921   Thumb Code    26  stm32f10x_rcc.o(i.RCC_APB2PeriphClockCmd)
    RCC_GetClocksFreq                        0x08000941   Thumb Code   192  stm32f10x_rcc.o(i.RCC_GetClocksFreq)
    SD_disk_initialize                       0x08000c15   Thumb Code   344  fatfs_sd.o(i.SD_disk_initialize)
    SD_disk_ioctl                            0x08000d79   Thumb Code   420  fatfs_sd.o(i.SD_disk_ioctl)
    SD_disk_read                             0x08000f21   Thumb Code   144  fatfs_sd.o(i.SD_disk_read)
    SD_disk_status                           0x08000fb9   Thumb Code    14  fatfs_sd.o(i.SD_disk_status)
    SD_disk_write                            0x08000fcd   Thumb Code   186  fatfs_sd.o(i.SD_disk_write)
    SPI_Cmd                                  0x080010a1   Thumb Code    24  stm32f10x_spi.o(i.SPI_Cmd)
    SPI_I2S_GetFlagStatus                    0x080010b9   Thumb Code    18  stm32f10x_spi.o(i.SPI_I2S_GetFlagStatus)
    SPI_I2S_ReceiveData                      0x080010cb   Thumb Code     6  stm32f10x_spi.o(i.SPI_I2S_ReceiveData)
    SPI_I2S_SendData                         0x080010d1   Thumb Code     4  stm32f10x_spi.o(i.SPI_I2S_SendData)
    SPI_Init                                 0x080010d5   Thumb Code    60  stm32f10x_spi.o(i.SPI_Init)
    SysTick_Handler                          0x08001261   Thumb Code    46  port.o(i.SysTick_Handler)
    SystemCoreClockUpdate                    0x08001295   Thumb Code   142  system_stm32f10x.o(i.SystemCoreClockUpdate)
    SystemInit                               0x08001339   Thumb Code    78  system_stm32f10x.o(i.SystemInit)
    TIM3_IRQHandler                          0x08001399   Thumb Code    32  main.o(i.TIM3_IRQHandler)
    TIM_ClearITPendingBit                    0x080013c1   Thumb Code     6  stm32f10x_tim.o(i.TIM_ClearITPendingBit)
    TIM_Cmd                                  0x080013c7   Thumb Code    24  stm32f10x_tim.o(i.TIM_Cmd)
    TIM_GetITStatus                          0x080013df   Thumb Code    34  stm32f10x_tim.o(i.TIM_GetITStatus)
    TIM_ITConfig                             0x08001401   Thumb Code    18  stm32f10x_tim.o(i.TIM_ITConfig)
    TIM_TimeBaseInit                         0x08001415   Thumb Code   122  stm32f10x_tim.o(i.TIM_TimeBaseInit)
    USART_Cmd                                0x080014b9   Thumb Code    24  stm32f10x_usart.o(i.USART_Cmd)
    USART_ITConfig                           0x080014d1   Thumb Code    74  stm32f10x_usart.o(i.USART_ITConfig)
    USART_Init                               0x0800151d   Thumb Code   210  stm32f10x_usart.o(i.USART_Init)
    USART_SendData                           0x080015f5   Thumb Code     8  stm32f10x_usart.o(i.USART_SendData)
    USER_initialize                          0x080015fd   Thumb Code    12  user_diskio.o(i.USER_initialize)
    USER_ioctl                               0x08001609   Thumb Code    20  user_diskio.o(i.USER_ioctl)
    USER_read                                0x0800161d   Thumb Code    28  user_diskio.o(i.USER_read)
    USER_status                              0x08001639   Thumb Code    12  user_diskio.o(i.USER_status)
    USER_write                               0x08001645   Thumb Code    28  user_diskio.o(i.USER_write)
    clust2sect                               0x08001825   Thumb Code    38  ff.o(i.clust2sect)
    disable_esp_echo                         0x0800228d   Thumb Code    10  esp_funcs.o(i.disable_esp_echo)
    disk_initialize                          0x080022a1   Thumb Code    40  diskio.o(i.disk_initialize)
    disk_ioctl                               0x080022cd   Thumb Code    36  diskio.o(i.disk_ioctl)
    disk_read                                0x080022f5   Thumb Code    42  diskio.o(i.disk_read)
    disk_status                              0x08002325   Thumb Code    24  diskio.o(i.disk_status)
    disk_write                               0x08002341   Thumb Code    42  diskio.o(i.disk_write)
    esp_connect_to_network                   0x08002399   Thumb Code    32  esp_funcs.o(i.esp_connect_to_network)
    f_close                                  0x080023e1   Thumb Code    50  ff.o(i.f_close)
    f_lseek                                  0x08002413   Thumb Code  1116  ff.o(i.f_lseek)
    f_mount                                  0x08002871   Thumb Code   100  ff.o(i.f_mount)
    f_open                                   0x080028d9   Thumb Code   550  ff.o(i.f_open)
    f_read                                   0x08002b05   Thumb Code   742  ff.o(i.f_read)
    f_sync                                   0x08002deb   Thumb Code   250  ff.o(i.f_sync)
    f_write                                  0x08002ee5   Thumb Code   850  ff.o(i.f_write)
    ff_convert                               0x08003239   Thumb Code    70  ccsbcs.o(i.ff_convert)
    ff_wtoupper                              0x08003285   Thumb Code    46  ccsbcs.o(i.ff_wtoupper)
    get_fat                                  0x08003921   Thumb Code   356  ff.o(i.get_fat)
    get_fattime                              0x08003a85   Thumb Code     4  fatfs.o(i.get_fattime)
    init_sd                                  0x08003bc5   Thumb Code   138  main.o(i.init_sd)
    init_spi1_for_sd                         0x08003c99   Thumb Code   150  initializes.o(i.init_spi1_for_sd)
    init_tim6                                0x08003d39   Thumb Code    90  initializes.o(i.init_tim6)
    main                                     0x08003dbd   Thumb Code   376  main.o(i.main)
    put_fat                                  0x08004ae3   Thumb Code   446  ff.o(i.put_fat)
    pvPortMalloc                             0x08004ca1   Thumb Code   338  heap_4.o(i.pvPortMalloc)
    pxPortInitialiseStack                    0x08004e0d   Thumb Code    30  port.o(i.pxPortInitialiseStack)
    read_sd                                  0x08004e31   Thumb Code    64  main.o(i.read_sd)
    send1_perio                              0x08004f1d   Thumb Code    36  periodic_tasks.o(i.send1_perio)
    toggle_13                                0x08005121   Thumb Code    14  periodic_tasks.o(i.toggle_13)
    usart1_init                              0x08005135   Thumb Code   164  initializes.o(i.usart1_init)
    usart1_puts                              0x080051e1   Thumb Code    38  usart_funcs.o(i.usart1_puts)
    usart2_init                              0x0800520d   Thumb Code   166  initializes.o(i.usart2_init)
    uxListRemove                             0x080052bd   Thumb Code    40  list.o(i.uxListRemove)
    vListInitialise                          0x080052e5   Thumb Code    26  list.o(i.vListInitialise)
    vListInitialiseItem                      0x080052ff   Thumb Code     6  list.o(i.vListInitialiseItem)
    vListInsert                              0x08005305   Thumb Code    52  list.o(i.vListInsert)
    vListInsertEnd                           0x08005339   Thumb Code    24  list.o(i.vListInsertEnd)
    vPortEnterCritical                       0x08005351   Thumb Code    76  port.o(i.vPortEnterCritical)
    vPortExitCritical                        0x080053a5   Thumb Code    56  port.o(i.vPortExitCritical)
    vPortFree                                0x080053e1   Thumb Code   150  heap_4.o(i.vPortFree)
    vPortSetupTimerInterrupt                 0x08005485   Thumb Code    36  port.o(i.vPortSetupTimerInterrupt)
    vPortValidateInterruptPriority           0x080054ad   Thumb Code   106  port.o(i.vPortValidateInterruptPriority)
    vQueueWaitForMessageRestricted           0x08005525   Thumb Code    74  queue.o(i.vQueueWaitForMessageRestricted)
    vTaskDelay                               0x08005571   Thumb Code    82  tasks.o(i.vTaskDelay)
    vTaskInternalSetTimeOutState             0x080055cd   Thumb Code    14  tasks.o(i.vTaskInternalSetTimeOutState)
    vTaskMissedYield                         0x080055e5   Thumb Code     8  tasks.o(i.vTaskMissedYield)
    vTaskPlaceOnEventList                    0x080055f1   Thumb Code    52  tasks.o(i.vTaskPlaceOnEventList)
    vTaskPlaceOnEventListRestricted          0x08005629   Thumb Code    60  tasks.o(i.vTaskPlaceOnEventListRestricted)
    vTaskStartScheduler                      0x08005669   Thumb Code   122  tasks.o(i.vTaskStartScheduler)
    vTaskSuspendAll                          0x08005705   Thumb Code    12  tasks.o(i.vTaskSuspendAll)
    vTaskSwitchContext                       0x08005715   Thumb Code   118  tasks.o(i.vTaskSwitchContext)
    write_sd                                 0x080057f5   Thumb Code    66  main.o(i.write_sd)
    xPortStartScheduler                      0x0800586d   Thumb Code   228  port.o(i.xPortStartScheduler)
    xQueueGenericCreate                      0x08005965   Thumb Code   162  queue.o(i.xQueueGenericCreate)
    xQueueGenericReset                       0x08005a09   Thumb Code   146  queue.o(i.xQueueGenericReset)
    xQueueGenericSend                        0x08005aa1   Thumb Code   466  queue.o(i.xQueueGenericSend)
    xQueueGenericSendFromISR                 0x08005c79   Thumb Code   310  queue.o(i.xQueueGenericSendFromISR)
    xQueueReceive                            0x08005db1   Thumb Code   356  queue.o(i.xQueueReceive)
    xTaskCheckForTimeOut                     0x08005f19   Thumb Code   136  tasks.o(i.xTaskCheckForTimeOut)
    xTaskCreate                              0x08005fa9   Thumb Code    96  tasks.o(i.xTaskCreate)
    xTaskGetSchedulerState                   0x08006009   Thumb Code    24  tasks.o(i.xTaskGetSchedulerState)
    xTaskGetTickCount                        0x08006029   Thumb Code     6  tasks.o(i.xTaskGetTickCount)
    xTaskIncrementTick                       0x08006035   Thumb Code   282  tasks.o(i.xTaskIncrementTick)
    xTaskPriorityDisinherit                  0x0800617d   Thumb Code   174  tasks.o(i.xTaskPriorityDisinherit)
    xTaskRemoveFromEventList                 0x08006239   Thumb Code   128  tasks.o(i.xTaskRemoveFromEventList)
    xTaskResumeAll                           0x080062d1   Thumb Code   224  tasks.o(i.xTaskResumeAll)
    xTimerCreate                             0x080063d5   Thumb Code    54  timers.o(i.xTimerCreate)
    xTimerCreateTimerTask                    0x0800640d   Thumb Code    66  timers.o(i.xTimerCreateTimerTask)
    xTimerGenericCommand                     0x08006465   Thumb Code   126  timers.o(i.xTimerGenericCommand)
    Region$$Table$$Base                      0x08006b28   Number         0  anon$$obj.o(Region$$Table)
    Region$$Table$$Limit                     0x08006b48   Number         0  anon$$obj.o(Region$$Table)
    fresult                                  0x20000038   Data           1  main.o(.data)
    br                                       0x2000003c   Data           4  main.o(.data)
    bw                                       0x20000040   Data           4  main.o(.data)
    pfs                                      0x20000044   Data           4  main.o(.data)
    fre_clust                                0x20000048   Data           4  main.o(.data)
    total                                    0x2000004c   Data           4  main.o(.data)
    free_space                               0x20000050   Data           4  main.o(.data)
    bytess                                   0x20000054   Data           4  main.o(.data)
    send_to_sd                               0x20000058   Data          20  main.o(.data)
    read_byte                                0x2000006c   Data           4  main.o(.data)
    is_mount                                 0x20000070   Data           4  main.o(.data)
    parseSem                                 0x20000074   Data           4  main.o(.data)
    espState                                 0x200000b0   Data           1  prio_tasks.o(.data)
    response                                 0x200000b1   Data           1  prio_tasks.o(.data)
    isNetworkConnected                       0x200000b4   Data           4  prio_tasks.o(.data)
    isServerConnected                        0x200000b8   Data           4  prio_tasks.o(.data)
    network_timout_cnt                       0x200000bc   Data           4  prio_tasks.o(.data)
    fail_network                             0x200000c0   Data           4  prio_tasks.o(.data)
    server_timout_cnt                        0x200000c4   Data           4  prio_tasks.o(.data)
    ssid                                     0x20000100   Data          32  esp_funcs.o(.data)
    password                                 0x20000120   Data          32  esp_funcs.o(.data)
    pxCurrentTCB                             0x20000140   Data           4  tasks.o(.data)
    uxTopUsedPriority                        0x20000178   Data           4  tasks.o(.data)
    Timer1                                   0x200001c0   Data           1  port.o(.data)
    Timer2                                   0x200001c1   Data           1  port.o(.data)
    FatFsCnt                                 0x200001c2   Data           1  port.o(.data)
    USER_Driver                              0x20000244   Data          20  user_diskio.o(.data)
    retUSER                                  0x20000290   Data           1  fatfs.o(.data)
    USERPath                                 0x20000291   Data           4  fatfs.o(.data)
    SystemCoreClock                          0x200002ac   Data           4  system_stm32f10x.o(.data)
    AHBPrescTable                            0x200002b0   Data          16  system_stm32f10x.o(.data)
    fs                                       0x200002c0   Data        4144  main.o(.bss)
    fil                                      0x200012f0   Data        4140  main.o(.bss)
    fno                                      0x2000231c   Data          32  main.o(.bss)
    read_semih                               0x2000233c   Data          32  main.o(.bss)
    disk                                     0x20003664   Data          12  ff_gen_drv.o(.bss)
    __libspace_start                         0x20003670   Data          96  libspace.o(.bss)
    __temporary_stack_top$libspace           0x200036d0   Data           0  libspace.o(.bss)



==============================================================================

Memory Map of the image

  Image Entry point : 0x08000269

  Load Region LR_1 (Base: 0x08000000, Size: 0x00006e08, Max: 0xffffffff, ABSOLUTE, COMPRESSED[0x00006c20])

    Execution Region ER_RO (Exec base: 0x08000000, Load base: 0x08000000, Size: 0x00006b48, Max: 0xffffffff, ABSOLUTE)

    Exec Addr    Load Addr    Size         Type   Attr      Idx    E Section Name        Object

    0x08000000   0x08000000   0x000000ec   Data   RO         3438    RESET               startup_stm32f10x_md.o
    0x080000ec   0x080000ec   0x00000008   Code   RO         4086  * !!!main             c_w.l(__main.o)
    0x080000f4   0x080000f4   0x00000034   Code   RO         4258    !!!scatter          c_w.l(__scatter.o)
    0x08000128   0x08000128   0x0000005a   Code   RO         4256    !!dczerorl2         c_w.l(__dczerorl2.o)
    0x08000182   0x08000182   0x00000002   PAD
    0x08000184   0x08000184   0x0000001c   Code   RO         4260    !!handler_zi        c_w.l(__scatter_zi.o)
    0x080001a0   0x080001a0   0x00000000   Code   RO         4077    .ARM.Collect$$_printf_percent$$00000000  c_w.l(_printf_percent.o)
    0x080001a0   0x080001a0   0x00000006   Code   RO         4076    .ARM.Collect$$_printf_percent$$00000014  c_w.l(_printf_s.o)
    0x080001a6   0x080001a6   0x00000004   Code   RO         4095    .ARM.Collect$$_printf_percent$$00000017  c_w.l(_printf_percent_end.o)
    0x080001aa   0x080001aa   0x00000002   Code   RO         4126    .ARM.Collect$$libinit$$00000000  c_w.l(libinit.o)
    0x080001ac   0x080001ac   0x00000000   Code   RO         4133    .ARM.Collect$$libinit$$00000002  c_w.l(libinit2.o)
    0x080001ac   0x080001ac   0x00000000   Code   RO         4135    .ARM.Collect$$libinit$$00000004  c_w.l(libinit2.o)
    0x080001ac   0x080001ac   0x00000000   Code   RO         4138    .ARM.Collect$$libinit$$0000000A  c_w.l(libinit2.o)
    0x080001ac   0x080001ac   0x00000000   Code   RO         4140    .ARM.Collect$$libinit$$0000000C  c_w.l(libinit2.o)
    0x080001ac   0x080001ac   0x00000000   Code   RO         4142    .ARM.Collect$$libinit$$0000000E  c_w.l(libinit2.o)
    0x080001ac   0x080001ac   0x00000000   Code   RO         4145    .ARM.Collect$$libinit$$00000011  c_w.l(libinit2.o)
    0x080001ac   0x080001ac   0x00000000   Code   RO         4147    .ARM.Collect$$libinit$$00000013  c_w.l(libinit2.o)
    0x080001ac   0x080001ac   0x00000000   Code   RO         4149    .ARM.Collect$$libinit$$00000015  c_w.l(libinit2.o)
    0x080001ac   0x080001ac   0x00000000   Code   RO         4151    .ARM.Collect$$libinit$$00000017  c_w.l(libinit2.o)
    0x080001ac   0x080001ac   0x00000000   Code   RO         4153    .ARM.Collect$$libinit$$00000019  c_w.l(libinit2.o)
    0x080001ac   0x080001ac   0x00000000   Code   RO         4155    .ARM.Collect$$libinit$$0000001B  c_w.l(libinit2.o)
    0x080001ac   0x080001ac   0x00000000   Code   RO         4157    .ARM.Collect$$libinit$$0000001D  c_w.l(libinit2.o)
    0x080001ac   0x080001ac   0x00000000   Code   RO         4159    .ARM.Collect$$libinit$$0000001F  c_w.l(libinit2.o)
    0x080001ac   0x080001ac   0x00000000   Code   RO         4161    .ARM.Collect$$libinit$$00000021  c_w.l(libinit2.o)
    0x080001ac   0x080001ac   0x00000000   Code   RO         4163    .ARM.Collect$$libinit$$00000023  c_w.l(libinit2.o)
    0x080001ac   0x080001ac   0x00000000   Code   RO         4165    .ARM.Collect$$libinit$$00000025  c_w.l(libinit2.o)
    0x080001ac   0x080001ac   0x00000000   Code   RO         4169    .ARM.Collect$$libinit$$0000002C  c_w.l(libinit2.o)
    0x080001ac   0x080001ac   0x00000000   Code   RO         4171    .ARM.Collect$$libinit$$0000002E  c_w.l(libinit2.o)
    0x080001ac   0x080001ac   0x00000000   Code   RO         4173    .ARM.Collect$$libinit$$00000030  c_w.l(libinit2.o)
    0x080001ac   0x080001ac   0x00000000   Code   RO         4175    .ARM.Collect$$libinit$$00000032  c_w.l(libinit2.o)
    0x080001ac   0x080001ac   0x00000002   Code   RO         4176    .ARM.Collect$$libinit$$00000033  c_w.l(libinit2.o)
    0x080001ae   0x080001ae   0x00000002   Code   RO         4196    .ARM.Collect$$libshutdown$$00000000  c_w.l(libshutdown.o)
    0x080001b0   0x080001b0   0x00000000   Code   RO         4209    .ARM.Collect$$libshutdown$$00000002  c_w.l(libshutdown2.o)
    0x080001b0   0x080001b0   0x00000000   Code   RO         4211    .ARM.Collect$$libshutdown$$00000004  c_w.l(libshutdown2.o)
    0x080001b0   0x080001b0   0x00000000   Code   RO         4214    .ARM.Collect$$libshutdown$$00000007  c_w.l(libshutdown2.o)
    0x080001b0   0x080001b0   0x00000000   Code   RO         4217    .ARM.Collect$$libshutdown$$0000000A  c_w.l(libshutdown2.o)
    0x080001b0   0x080001b0   0x00000000   Code   RO         4219    .ARM.Collect$$libshutdown$$0000000C  c_w.l(libshutdown2.o)
    0x080001b0   0x080001b0   0x00000000   Code   RO         4222    .ARM.Collect$$libshutdown$$0000000F  c_w.l(libshutdown2.o)
    0x080001b0   0x080001b0   0x00000002   Code   RO         4223    .ARM.Collect$$libshutdown$$00000010  c_w.l(libshutdown2.o)
    0x080001b2   0x080001b2   0x00000000   Code   RO         4088    .ARM.Collect$$rtentry$$00000000  c_w.l(__rtentry.o)
    0x080001b2   0x080001b2   0x00000000   Code   RO         4101    .ARM.Collect$$rtentry$$00000002  c_w.l(__rtentry2.o)
    0x080001b2   0x080001b2   0x00000006   Code   RO         4113    .ARM.Collect$$rtentry$$00000004  c_w.l(__rtentry4.o)
    0x080001b8   0x080001b8   0x00000000   Code   RO         4103    .ARM.Collect$$rtentry$$00000009  c_w.l(__rtentry2.o)
    0x080001b8   0x080001b8   0x00000004   Code   RO         4104    .ARM.Collect$$rtentry$$0000000A  c_w.l(__rtentry2.o)
    0x080001bc   0x080001bc   0x00000000   Code   RO         4106    .ARM.Collect$$rtentry$$0000000C  c_w.l(__rtentry2.o)
    0x080001bc   0x080001bc   0x00000008   Code   RO         4107    .ARM.Collect$$rtentry$$0000000D  c_w.l(__rtentry2.o)
    0x080001c4   0x080001c4   0x00000002   Code   RO         4130    .ARM.Collect$$rtexit$$00000000  c_w.l(rtexit.o)
    0x080001c6   0x080001c6   0x00000000   Code   RO         4178    .ARM.Collect$$rtexit$$00000002  c_w.l(rtexit2.o)
    0x080001c6   0x080001c6   0x00000004   Code   RO         4179    .ARM.Collect$$rtexit$$00000003  c_w.l(rtexit2.o)
    0x080001ca   0x080001ca   0x00000006   Code   RO         4180    .ARM.Collect$$rtexit$$00000004  c_w.l(rtexit2.o)
    0x080001d0   0x080001d0   0x00000096   Code   RO         1430    .emb_text           port.o
    0x08000266   0x08000266   0x00000002   PAD
    0x08000268   0x08000268   0x00000040   Code   RO         3439  * .text               startup_stm32f10x_md.o
    0x080002a8   0x080002a8   0x00000028   Code   RO         4050    .text               c_w.l(noretval__2sprintf.o)
    0x080002d0   0x080002d0   0x00000068   Code   RO         4052    .text               c_w.l(__printf.o)
    0x08000338   0x08000338   0x00000052   Code   RO         4054    .text               c_w.l(_printf_str.o)
    0x0800038a   0x0800038a   0x0000008a   Code   RO         4078    .text               c_w.l(rt_memcpy_v6.o)
    0x08000414   0x08000414   0x00000006   Code   RO         4084    .text               c_w.l(heapauxi.o)
    0x0800041a   0x0800041a   0x00000002   PAD
    0x0800041c   0x0800041c   0x00000030   Code   RO         4089    .text               c_w.l(_printf_char_common.o)
    0x0800044c   0x0800044c   0x0000000a   Code   RO         4091    .text               c_w.l(_sputc.o)
    0x08000456   0x08000456   0x0000002c   Code   RO         4093    .text               c_w.l(_printf_char.o)
    0x08000482   0x08000482   0x00000064   Code   RO         4096    .text               c_w.l(rt_memcpy_w.o)
    0x080004e6   0x080004e6   0x0000004a   Code   RO         4117    .text               c_w.l(sys_stackheap_outer.o)
    0x08000530   0x08000530   0x00000012   Code   RO         4119    .text               c_w.l(exit.o)
    0x08000542   0x08000542   0x00000002   PAD
    0x08000544   0x08000544   0x00000008   Code   RO         4127    .text               c_w.l(libspace.o)
    0x0800054c   0x0800054c   0x0000000c   Code   RO         4188    .text               c_w.l(sys_exit.o)
    0x08000558   0x08000558   0x00000002   Code   RO         4199    .text               c_w.l(use_no_semi.o)
    0x0800055a   0x0800055a   0x00000000   Code   RO         4201    .text               c_w.l(indicate_semi.o)
    0x0800055a   0x0800055a   0x00000002   PAD
    0x0800055c   0x0800055c   0x0000002c   Code   RO          259    i.C13_init          initializes.o
    0x08000588   0x08000588   0x00000010   Code   RO         1511    i.DESELECT          fatfs_sd.o
    0x08000598   0x08000598   0x0000001c   Code   RO         2255    i.FATFS_Init        fatfs.o
    0x080005b4   0x080005b4   0x00000012   Code   RO         2084    i.FATFS_LinkDriver  ff_gen_drv.o
    0x080005c6   0x080005c6   0x00000002   PAD
    0x080005c8   0x080005c8   0x00000054   Code   RO         2085    i.FATFS_LinkDriverEx  ff_gen_drv.o
    0x0800061c   0x0800061c   0x00000116   Code   RO         2657    i.GPIO_Init         stm32f10x_gpio.o
    0x08000732   0x08000732   0x00000004   Code   RO         2664    i.GPIO_ResetBits    stm32f10x_gpio.o
    0x08000736   0x08000736   0x00000004   Code   RO         2665    i.GPIO_SetBits      stm32f10x_gpio.o
    0x0800073a   0x0800073a   0x00000004   Code   RO            4    i.HardFault_Handler  main.o
    0x0800073e   0x0800073e   0x00000002   PAD
    0x08000740   0x08000740   0x00000070   Code   RO         2303    i.NVIC_Init         misc.o
    0x080007b0   0x080007b0   0x00000150   Code   RO          349    i.ParseIncomingData  prio_tasks.o
    0x08000900   0x08000900   0x00000020   Code   RO         2779    i.RCC_APB1PeriphClockCmd  stm32f10x_rcc.o
    0x08000920   0x08000920   0x00000020   Code   RO         2781    i.RCC_APB2PeriphClockCmd  stm32f10x_rcc.o
    0x08000940   0x08000940   0x000000d4   Code   RO         2789    i.RCC_GetClocksFreq  stm32f10x_rcc.o
    0x08000a14   0x08000a14   0x0000000c   Code   RO         1512    i.SD_CheckPower     fatfs_sd.o
    0x08000a20   0x08000a20   0x0000000c   Code   RO         1513    i.SD_PowerOff       fatfs_sd.o
    0x08000a2c   0x08000a2c   0x00000074   Code   RO         1514    i.SD_PowerOn        fatfs_sd.o
    0x08000aa0   0x08000aa0   0x00000028   Code   RO         1515    i.SD_ReadyWait      fatfs_sd.o
    0x08000ac8   0x08000ac8   0x00000050   Code   RO         1516    i.SD_RxDataBlock    fatfs_sd.o
    0x08000b18   0x08000b18   0x00000076   Code   RO         1517    i.SD_SendCmd        fatfs_sd.o
    0x08000b8e   0x08000b8e   0x00000084   Code   RO         1518    i.SD_TxDataBlock    fatfs_sd.o
    0x08000c12   0x08000c12   0x00000002   PAD
    0x08000c14   0x08000c14   0x00000164   Code   RO         1519    i.SD_disk_initialize  fatfs_sd.o
    0x08000d78   0x08000d78   0x000001a8   Code   RO         1520    i.SD_disk_ioctl     fatfs_sd.o
    0x08000f20   0x08000f20   0x00000098   Code   RO         1521    i.SD_disk_read      fatfs_sd.o
    0x08000fb8   0x08000fb8   0x00000014   Code   RO         1522    i.SD_disk_status    fatfs_sd.o
    0x08000fcc   0x08000fcc   0x000000c4   Code   RO         1523    i.SD_disk_write     fatfs_sd.o
    0x08001090   0x08001090   0x00000010   Code   RO         1524    i.SELECT            fatfs_sd.o
    0x080010a0   0x080010a0   0x00000018   Code   RO         3096    i.SPI_Cmd           stm32f10x_spi.o
    0x080010b8   0x080010b8   0x00000012   Code   RO         3104    i.SPI_I2S_GetFlagStatus  stm32f10x_spi.o
    0x080010ca   0x080010ca   0x00000006   Code   RO         3107    i.SPI_I2S_ReceiveData  stm32f10x_spi.o
    0x080010d0   0x080010d0   0x00000004   Code   RO         3108    i.SPI_I2S_SendData  stm32f10x_spi.o
    0x080010d4   0x080010d4   0x0000003c   Code   RO         3109    i.SPI_Init          stm32f10x_spi.o
    0x08001110   0x08001110   0x0000003c   Code   RO         1525    i.SPI_RxByte        fatfs_sd.o
    0x0800114c   0x0800114c   0x0000000c   Code   RO         1526    i.SPI_RxBytePtr     fatfs_sd.o
    0x08001158   0x08001158   0x00000020   Code   RO         1527    i.SPI_TxByte        fatfs_sd.o
    0x08001178   0x08001178   0x00000008   Code   RO         3446    i.SetSysClock       system_stm32f10x.o
    0x08001180   0x08001180   0x000000e0   Code   RO         3447    i.SetSysClockTo72   system_stm32f10x.o
    0x08001260   0x08001260   0x00000034   Code   RO         1431    i.SysTick_Handler   port.o
    0x08001294   0x08001294   0x000000a4   Code   RO         3448    i.SystemCoreClockUpdate  system_stm32f10x.o
    0x08001338   0x08001338   0x00000060   Code   RO         3449    i.SystemInit        system_stm32f10x.o
    0x08001398   0x08001398   0x00000028   Code   RO            5    i.TIM3_IRQHandler   main.o
    0x080013c0   0x080013c0   0x00000006   Code   RO         3500    i.TIM_ClearITPendingBit  stm32f10x_tim.o
    0x080013c6   0x080013c6   0x00000018   Code   RO         3505    i.TIM_Cmd           stm32f10x_tim.o
    0x080013de   0x080013de   0x00000022   Code   RO         3526    i.TIM_GetITStatus   stm32f10x_tim.o
    0x08001400   0x08001400   0x00000012   Code   RO         3530    i.TIM_ITConfig      stm32f10x_tim.o
    0x08001412   0x08001412   0x00000002   PAD
    0x08001414   0x08001414   0x000000a4   Code   RO         3576    i.TIM_TimeBaseInit  stm32f10x_tim.o
    0x080014b8   0x080014b8   0x00000018   Code   RO         3251    i.USART_Cmd         stm32f10x_usart.o
    0x080014d0   0x080014d0   0x0000004a   Code   RO         3257    i.USART_ITConfig    stm32f10x_usart.o
    0x0800151a   0x0800151a   0x00000002   PAD
    0x0800151c   0x0800151c   0x000000d8   Code   RO         3258    i.USART_Init        stm32f10x_usart.o
    0x080015f4   0x080015f4   0x00000008   Code   RO         3268    i.USART_SendData    stm32f10x_usart.o
    0x080015fc   0x080015fc   0x0000000c   Code   RO         2197    i.USER_initialize   user_diskio.o
    0x08001608   0x08001608   0x00000014   Code   RO         2198    i.USER_ioctl        user_diskio.o
    0x0800161c   0x0800161c   0x0000001c   Code   RO         2199    i.USER_read         user_diskio.o
    0x08001638   0x08001638   0x0000000c   Code   RO         2200    i.USER_status       user_diskio.o
    0x08001644   0x08001644   0x0000001c   Code   RO         2201    i.USER_write        user_diskio.o
    0x08001660   0x08001660   0x0000009c   Code   RO         1716    i.check_fs          ff.o
    0x080016fc   0x080016fc   0x00000014   Code   RO         1717    i.chk_chr           ff.o
    0x08001710   0x08001710   0x00000098   Code   RO         1718    i.chk_lock          ff.o
    0x080017a8   0x080017a8   0x00000030   Code   RO         1719    i.clear_lock        ff.o
    0x080017d8   0x080017d8   0x0000004c   Code   RO         1720    i.clmt_clust        ff.o
    0x08001824   0x08001824   0x00000026   Code   RO         1721    i.clust2sect        ff.o
    0x0800184a   0x0800184a   0x00000002   PAD
    0x0800184c   0x0800184c   0x00000090   Code   RO         1722    i.cmp_lfn           ff.o
    0x080018dc   0x080018dc   0x000000fc   Code   RO         1723    i.create_chain      ff.o
    0x080019d8   0x080019d8   0x00000248   Code   RO         1724    i.create_name       ff.o
    0x08001c20   0x08001c20   0x0000004c   Code   RO         1725    i.dec_lock          ff.o
    0x08001c6c   0x08001c6c   0x0000006c   Code   RO         1726    i.dir_alloc         ff.o
    0x08001cd8   0x08001cd8   0x00000118   Code   RO         1727    i.dir_find          ff.o
    0x08001df0   0x08001df0   0x000001ec   Code   RO         1728    i.dir_next          ff.o
    0x08001fdc   0x08001fdc   0x0000017a   Code   RO         1730    i.dir_register      ff.o
    0x08002156   0x08002156   0x00000134   Code   RO         1732    i.dir_sdi           ff.o
    0x0800228a   0x0800228a   0x00000002   PAD
    0x0800228c   0x0800228c   0x00000014   Code   RO          371    i.disable_esp_echo  esp_funcs.o
    0x080022a0   0x080022a0   0x0000002c   Code   RO         1634    i.disk_initialize   diskio.o
    0x080022cc   0x080022cc   0x00000028   Code   RO         1635    i.disk_ioctl        diskio.o
    0x080022f4   0x080022f4   0x00000030   Code   RO         1636    i.disk_read         diskio.o
    0x08002324   0x08002324   0x0000001c   Code   RO         1637    i.disk_status       diskio.o
    0x08002340   0x08002340   0x00000030   Code   RO         1638    i.disk_write        diskio.o
    0x08002370   0x08002370   0x00000028   Code   RO         1733    i.enq_lock          ff.o
    0x08002398   0x08002398   0x00000048   Code   RO          372    i.esp_connect_to_network  esp_funcs.o
    0x080023e0   0x080023e0   0x00000032   Code   RO         1735    i.f_close           ff.o
    0x08002412   0x08002412   0x0000045c   Code   RO         1739    i.f_lseek           ff.o
    0x0800286e   0x0800286e   0x00000002   PAD
    0x08002870   0x08002870   0x00000068   Code   RO         1742    i.f_mount           ff.o
    0x080028d8   0x080028d8   0x0000022c   Code   RO         1743    i.f_open            ff.o
    0x08002b04   0x08002b04   0x000002e6   Code   RO         1748    i.f_read            ff.o
    0x08002dea   0x08002dea   0x000000fa   Code   RO         1752    i.f_sync            ff.o
    0x08002ee4   0x08002ee4   0x00000352   Code   RO         1756    i.f_write           ff.o
    0x08003236   0x08003236   0x00000002   PAD
    0x08003238   0x08003238   0x0000004c   Code   RO         2136    i.ff_convert        ccsbcs.o
    0x08003284   0x08003284   0x00000038   Code   RO         2137    i.ff_wtoupper       ccsbcs.o
    0x080032bc   0x080032bc   0x00000488   Code   RO         1757    i.find_volume       ff.o
    0x08003744   0x08003744   0x00000080   Code   RO         1758    i.fit_lfn           ff.o
    0x080037c4   0x080037c4   0x000000a6   Code   RO         1759    i.follow_path       ff.o
    0x0800386a   0x0800386a   0x00000002   PAD
    0x0800386c   0x0800386c   0x000000b4   Code   RO         1760    i.gen_numname       ff.o
    0x08003920   0x08003920   0x00000164   Code   RO         1761    i.get_fat           ff.o
    0x08003a84   0x08003a84   0x00000004   Code   RO         2256    i.get_fattime       fatfs.o
    0x08003a88   0x08003a88   0x00000048   Code   RO         1763    i.get_ldnumber      ff.o
    0x08003ad0   0x08003ad0   0x000000f4   Code   RO         1764    i.inc_lock          ff.o
    0x08003bc4   0x08003bc4   0x000000d4   Code   RO            6    i.init_sd           main.o
    0x08003c98   0x08003c98   0x000000a0   Code   RO          260    i.init_spi1_for_sd  initializes.o
    0x08003d38   0x08003d38   0x00000060   Code   RO          261    i.init_tim6         initializes.o
    0x08003d98   0x08003d98   0x00000024   Code   RO         1765    i.ld_clust          ff.o
    0x08003dbc   0x08003dbc   0x000001dc   Code   RO            7    i.main              main.o
    0x08003f98   0x08003f98   0x00000026   Code   RO         1766    i.mem_cmp           ff.o
    0x08003fbe   0x08003fbe   0x0000001a   Code   RO         1767    i.mem_cpy           ff.o
    0x08003fd8   0x08003fd8   0x00000014   Code   RO         1768    i.mem_set           ff.o
    0x08003fec   0x08003fec   0x0000003e   Code   RO         1769    i.move_window       ff.o
    0x0800402a   0x0800402a   0x00000002   PAD
    0x0800402c   0x0800402c   0x00000098   Code   RO          900    i.prvAddCurrentTaskToDelayedList  tasks.o
    0x080040c4   0x080040c4   0x000000b4   Code   RO          901    i.prvAddNewTaskToReadyList  tasks.o
    0x08004178   0x08004178   0x0000004c   Code   RO         1230    i.prvCheckForValidListAndQueue  timers.o
    0x080041c4   0x080041c4   0x00000048   Code   RO          902    i.prvCheckTasksWaitingTermination  tasks.o
    0x0800420c   0x0800420c   0x0000002a   Code   RO          547    i.prvCopyDataFromQueue  queue.o
    0x08004236   0x08004236   0x0000007e   Code   RO          548    i.prvCopyDataToQueue  queue.o
    0x080042b4   0x080042b4   0x00000012   Code   RO          903    i.prvDeleteTCB      tasks.o
    0x080042c6   0x080042c6   0x00000002   PAD
    0x080042c8   0x080042c8   0x00000028   Code   RO         1231    i.prvGetNextExpireTime  timers.o
    0x080042f0   0x080042f0   0x0000007c   Code   RO         1375    i.prvHeapInit       heap_4.o
    0x0800436c   0x0800436c   0x00000028   Code   RO          904    i.prvIdleTask       tasks.o
    0x08004394   0x08004394   0x0000002a   Code   RO          551    i.prvInitialiseNewQueue  queue.o
    0x080043be   0x080043be   0x000000b4   Code   RO          905    i.prvInitialiseNewTask  tasks.o
    0x08004472   0x08004472   0x0000005a   Code   RO         1232    i.prvInitialiseNewTimer  timers.o
    0x080044cc   0x080044cc   0x00000068   Code   RO          906    i.prvInitialiseTaskLists  tasks.o
    0x08004534   0x08004534   0x00000068   Code   RO         1376    i.prvInsertBlockIntoFreeList  heap_4.o
    0x0800459c   0x0800459c   0x00000058   Code   RO         1233    i.prvInsertTimerInActiveList  timers.o
    0x080045f4   0x080045f4   0x0000001a   Code   RO          552    i.prvIsQueueEmpty   queue.o
    0x0800460e   0x0800460e   0x0000001e   Code   RO          553    i.prvIsQueueFull    queue.o
    0x0800462c   0x0800462c   0x000000ac   Code   RO          554    i.prvNotifyQueueSetContainer  queue.o
    0x080046d8   0x080046d8   0x00000074   Code   RO         1234    i.prvProcessExpiredTimer  timers.o
    0x0800474c   0x0800474c   0x00000138   Code   RO         1235    i.prvProcessReceivedCommands  timers.o
    0x08004884   0x08004884   0x00000074   Code   RO         1236    i.prvProcessTimerOrBlockTask  timers.o
    0x080048f8   0x080048f8   0x00000030   Code   RO          907    i.prvResetNextTaskUnblockTime  tasks.o
    0x08004928   0x08004928   0x0000002c   Code   RO         1237    i.prvSampleTimeNow  timers.o
    0x08004954   0x08004954   0x000000a4   Code   RO         1238    i.prvSwitchTimerLists  timers.o
    0x080049f8   0x080049f8   0x00000040   Code   RO         1432    i.prvTaskExitError  port.o
    0x08004a38   0x08004a38   0x0000001a   Code   RO         1239    i.prvTimerTask      timers.o
    0x08004a52   0x08004a52   0x00000090   Code   RO          555    i.prvUnlockQueue    queue.o
    0x08004ae2   0x08004ae2   0x000001be   Code   RO         1771    i.put_fat           ff.o
    0x08004ca0   0x08004ca0   0x0000016c   Code   RO         1377    i.pvPortMalloc      heap_4.o
    0x08004e0c   0x08004e0c   0x00000024   Code   RO         1433    i.pxPortInitialiseStack  port.o
    0x08004e30   0x08004e30   0x00000064   Code   RO            8    i.read_sd           main.o
    0x08004e94   0x08004e94   0x00000088   Code   RO         1773    i.remove_chain      ff.o
    0x08004f1c   0x08004f1c   0x00000048   Code   RO          218    i.send1_perio       periodic_tasks.o
    0x08004f64   0x08004f64   0x00000010   Code   RO         1774    i.st_clust          ff.o
    0x08004f74   0x08004f74   0x00000020   Code   RO         1775    i.sum_sfn           ff.o
    0x08004f94   0x08004f94   0x00000118   Code   RO         1776    i.sync_fs           ff.o
    0x080050ac   0x080050ac   0x00000072   Code   RO         1777    i.sync_window       ff.o
    0x0800511e   0x0800511e   0x00000002   PAD
    0x08005120   0x08005120   0x00000014   Code   RO          219    i.toggle_13         periodic_tasks.o
    0x08005134   0x08005134   0x000000ac   Code   RO          262    i.usart1_init       initializes.o
    0x080051e0   0x080051e0   0x0000002c   Code   RO          307    i.usart1_puts       usart_funcs.o
    0x0800520c   0x0800520c   0x000000b0   Code   RO          263    i.usart2_init       initializes.o
    0x080052bc   0x080052bc   0x00000028   Code   RO          508    i.uxListRemove      list.o
    0x080052e4   0x080052e4   0x0000001a   Code   RO          509    i.vListInitialise   list.o
    0x080052fe   0x080052fe   0x00000006   Code   RO          510    i.vListInitialiseItem  list.o
    0x08005304   0x08005304   0x00000034   Code   RO          511    i.vListInsert       list.o
    0x08005338   0x08005338   0x00000018   Code   RO          512    i.vListInsertEnd    list.o
    0x08005350   0x08005350   0x00000054   Code   RO         1435    i.vPortEnterCritical  port.o
    0x080053a4   0x080053a4   0x0000003c   Code   RO         1436    i.vPortExitCritical  port.o
    0x080053e0   0x080053e0   0x000000a4   Code   RO         1378    i.vPortFree         heap_4.o
    0x08005484   0x08005484   0x00000028   Code   RO         1437    i.vPortSetupTimerInterrupt  port.o
    0x080054ac   0x080054ac   0x00000078   Code   RO         1438    i.vPortValidateInterruptPriority  port.o
    0x08005524   0x08005524   0x0000004a   Code   RO          560    i.vQueueWaitForMessageRestricted  queue.o
    0x0800556e   0x0800556e   0x00000002   PAD
    0x08005570   0x08005570   0x0000005c   Code   RO          916    i.vTaskDelay        tasks.o
    0x080055cc   0x080055cc   0x00000018   Code   RO          920    i.vTaskInternalSetTimeOutState  tasks.o
    0x080055e4   0x080055e4   0x0000000c   Code   RO          921    i.vTaskMissedYield  tasks.o
    0x080055f0   0x080055f0   0x00000038   Code   RO          922    i.vTaskPlaceOnEventList  tasks.o
    0x08005628   0x08005628   0x00000040   Code   RO          923    i.vTaskPlaceOnEventListRestricted  tasks.o
    0x08005668   0x08005668   0x0000009c   Code   RO          930    i.vTaskStartScheduler  tasks.o
    0x08005704   0x08005704   0x00000010   Code   RO          932    i.vTaskSuspendAll   tasks.o
    0x08005714   0x08005714   0x0000008c   Code   RO          933    i.vTaskSwitchContext  tasks.o
    0x080057a0   0x080057a0   0x00000052   Code   RO         1778    i.validate          ff.o
    0x080057f2   0x080057f2   0x00000002   PAD
    0x080057f4   0x080057f4   0x00000078   Code   RO            9    i.write_sd          main.o
    0x0800586c   0x0800586c   0x000000f8   Code   RO         1439    i.xPortStartScheduler  port.o
    0x08005964   0x08005964   0x000000a2   Code   RO          565    i.xQueueGenericCreate  queue.o
    0x08005a06   0x08005a06   0x00000002   PAD
    0x08005a08   0x08005a08   0x00000098   Code   RO          566    i.xQueueGenericReset  queue.o
    0x08005aa0   0x08005aa0   0x000001d8   Code   RO          567    i.xQueueGenericSend  queue.o
    0x08005c78   0x08005c78   0x00000136   Code   RO          568    i.xQueueGenericSendFromISR  queue.o
    0x08005dae   0x08005dae   0x00000002   PAD
    0x08005db0   0x08005db0   0x00000168   Code   RO          575    i.xQueueReceive     queue.o
    0x08005f18   0x08005f18   0x00000090   Code   RO          935    i.xTaskCheckForTimeOut  tasks.o
    0x08005fa8   0x08005fa8   0x00000060   Code   RO          936    i.xTaskCreate       tasks.o
    0x08006008   0x08006008   0x00000020   Code   RO          943    i.xTaskGetSchedulerState  tasks.o
    0x08006028   0x08006028   0x0000000c   Code   RO          944    i.xTaskGetTickCount  tasks.o
    0x08006034   0x08006034   0x00000148   Code   RO          946    i.xTaskIncrementTick  tasks.o
    0x0800617c   0x0800617c   0x000000bc   Code   RO          947    i.xTaskPriorityDisinherit  tasks.o
    0x08006238   0x08006238   0x00000098   Code   RO          949    i.xTaskRemoveFromEventList  tasks.o
    0x080062d0   0x080062d0   0x00000104   Code   RO          950    i.xTaskResumeAll    tasks.o
    0x080063d4   0x080063d4   0x00000036   Code   RO         1244    i.xTimerCreate      timers.o
    0x0800640a   0x0800640a   0x00000002   PAD
    0x0800640c   0x0800640c   0x00000058   Code   RO         1245    i.xTimerCreateTimerTask  timers.o
    0x08006464   0x08006464   0x00000084   Code   RO         1246    i.xTimerGenericCommand  timers.o
    0x080064e8   0x080064e8   0x000000ba   Data   RO         1780    .constdata          ff.o
    0x080065a2   0x080065a2   0x000004c0   Data   RO         2138    .constdata          ccsbcs.o
    0x08006a62   0x08006a62   0x00000002   PAD
    0x08006a64   0x08006a64   0x000000c2   Data   RO           11    .conststring        main.o
    0x08006b26   0x08006b26   0x00000002   PAD
    0x08006b28   0x08006b28   0x00000020   Data   RO         4254    Region$$Table       anon$$obj.o


    Execution Region ER_RW (Exec base: 0x20000000, Load base: 0x08006b48, Size: 0x000002c0, Max: 0xffffffff, ABSOLUTE, COMPRESSED[0x000000d8])

    Exec Addr    Load Addr    Size         Type   Attr      Idx    E Section Name        Object

    0x20000000   COMPRESSED   0x00000078   Data   RW           12    .data               main.o
    0x20000078   COMPRESSED   0x00000050   Data   RW          351    .data               prio_tasks.o
    0x200000c8   COMPRESSED   0x00000078   Data   RW          374    .data               esp_funcs.o
    0x20000140   COMPRESSED   0x00000040   Data   RW          953    .data               tasks.o
    0x20000180   COMPRESSED   0x00000014   Data   RW         1252    .data               timers.o
    0x20000194   COMPRESSED   0x00000020   Data   RW         1384    .data               heap_4.o
    0x200001b4   COMPRESSED   0x0000000f   Data   RW         1440    .data               port.o
    0x200001c3   COMPRESSED   0x00000003   Data   RW         1528    .data               fatfs_sd.o
    0x200001c6   COMPRESSED   0x00000002   PAD
    0x200001c8   COMPRESSED   0x0000003e   Data   RW         1782    .data               ff.o
    0x20000206   COMPRESSED   0x00000002   PAD
    0x20000208   COMPRESSED   0x00000050   Data   RW         2203    .data               user_diskio.o
    0x20000258   COMPRESSED   0x0000003d   Data   RW         2259    .data               fatfs.o
    0x20000295   COMPRESSED   0x00000014   Data   RW         2809    .data               stm32f10x_rcc.o
    0x200002a9   COMPRESSED   0x00000003   PAD
    0x200002ac   COMPRESSED   0x00000014   Data   RW         3450    .data               system_stm32f10x.o


    Execution Region ER_ZI (Exec base: 0x200002c0, Load base: 0x08006c20, Size: 0x00003a10, Max: 0xffffffff, ABSOLUTE)

    Exec Addr    Load Addr    Size         Type   Attr      Idx    E Section Name        Object

    0x200002c0        -       0x0000209c   Zero   RW           10    .bss                main.o
    0x2000235c        -       0x000000c8   Zero   RW          952    .bss                tasks.o
    0x20002424        -       0x00000028   Zero   RW         1251    .bss                timers.o
    0x2000244c        -       0x00001000   Zero   RW         1383    .bss                heap_4.o
    0x2000344c        -       0x00000218   Zero   RW         1779    .bss                ff.o
    0x20003664        -       0x0000000c   Zero   RW         2088    .bss                ff_gen_drv.o
    0x20003670        -       0x00000060   Zero   RW         4128    .bss                c_w.l(libspace.o)
    0x200036d0        -       0x00000200   Zero   RW         3437    HEAP                startup_stm32f10x_md.o
    0x200038d0        -       0x00000400   Zero   RW         3436    STACK               startup_stm32f10x_md.o


==============================================================================

Image component sizes


      Code (inc. data)   RO Data    RW Data    ZI Data      Debug   Object Name

       132         16       1216          0          0       2507   ccsbcs.o
       208         24          0          0          0       9565   diskio.o
        92         50          0        120          0       1752   esp_funcs.o
         0          0          0          0          0      11988   event_groups.o
        32         12          0         61          0       4473   fatfs.o
      1794         80          0          3          0      12189   fatfs_sd.o
     10414        100        186         62        536      39525   ff.o
       102          6          0          0         12       1567   ff_gen_drv.o
       756         74          0         32       4096       4107   heap_4.o
       648         40          0          0          0       2574   initializes.o
       148          0          0          0          0       2990   list.o
       952        272        194        120       8348     308722   main.o
       112         12          0          0          0       1388   misc.o
        92         42          0          0          0        886   periodic_tasks.o
       854         78          0         15          0      10106   port.o
       336         28          0         80          0       1207   prio_tasks.o
      2112         16          0          0          0      14999   queue.o
        64         26        236          0       1536        804   startup_stm32f10x_md.o
       286          0          0          0          0       3568   stm32f10x_gpio.o
       276         32          0         20          0       4982   stm32f10x_rcc.o
       112          0          0          0          0       4538   stm32f10x_spi.o
       246         42          0          0          0       4258   stm32f10x_tim.o
       322          6          0          0          0       4843   stm32f10x_usart.o
       492         50          0         20          0       2973   system_stm32f10x.o
      2566        354          0         64        200      24884   tasks.o
      1346        108          0         20         40      23810   timers.o
        44          6          0          0          0       1906   usart_funcs.o
       100          0          0         80          0       3764   user_diskio.o

    ----------------------------------------------------------------------
     24676       1474       1868        704      14768     510875   Object Totals
         0          0         32          0          0          0   (incl. Generated)
        38          0          4          7          0          0   (incl. Padding)

    ----------------------------------------------------------------------

      Code (inc. data)   RO Data    RW Data    ZI Data      Debug   Library Member Name

        90          0          0          0          0          0   __dczerorl2.o
         8          0          0          0          0         68   __main.o
       104          0          0          0          0         84   __printf.o
         0          0          0          0          0          0   __rtentry.o
        12          0          0          0          0          0   __rtentry2.o
         6          0          0          0          0          0   __rtentry4.o
        52          8          0          0          0          0   __scatter.o
        28          0          0          0          0          0   __scatter_zi.o
        44          0          0          0          0        108   _printf_char.o
        48          6          0          0          0         96   _printf_char_common.o
         0          0          0          0          0          0   _printf_percent.o
         4          0          0          0          0          0   _printf_percent_end.o
         6          0          0          0          0          0   _printf_s.o
        82          0          0          0          0         80   _printf_str.o
        10          0          0          0          0         68   _sputc.o
        18          0          0          0          0         80   exit.o
         6          0          0          0          0        152   heapauxi.o
         0          0          0          0          0          0   indicate_semi.o
         2          0          0          0          0          0   libinit.o
         2          0          0          0          0          0   libinit2.o
         2          0          0          0          0          0   libshutdown.o
         2          0          0          0          0          0   libshutdown2.o
         8          4          0          0         96         68   libspace.o
        40          6          0          0          0         84   noretval__2sprintf.o
       138          0          0          0          0         68   rt_memcpy_v6.o
       100          0          0          0          0         80   rt_memcpy_w.o
         2          0          0          0          0          0   rtexit.o
        10          0          0          0          0          0   rtexit2.o
        12          4          0          0          0         68   sys_exit.o
        74          0          0          0          0         80   sys_stackheap_outer.o
         2          0          0          0          0         68   use_no_semi.o

    ----------------------------------------------------------------------
       920         28          0          0         96       1252   Library Totals
         8          0          0          0          0          0   (incl. Padding)

    ----------------------------------------------------------------------

      Code (inc. data)   RO Data    RW Data    ZI Data      Debug   Library Name

       912         28          0          0         96       1252   c_w.l

    ----------------------------------------------------------------------
       920         28          0          0         96       1252   Library Totals

    ----------------------------------------------------------------------

==============================================================================


      Code (inc. data)   RO Data    RW Data    ZI Data      Debug   

     25596       1502       1868        704      14864     502191   Grand Totals
     25596       1502       1868        216      14864     502191   ELF Image Totals (compressed)
     25596       1502       1868        216          0          0   ROM Totals

==============================================================================

    Total RO  Size (Code + RO Data)                27464 (  26.82kB)
    Total RW  Size (RW Data + ZI Data)             15568 (  15.20kB)
    Total ROM Size (Code + RO Data + RW Data)      27680 (  27.03kB)

==============================================================================

